python.exe : 
At line:15 char:2230
+ ... RT 权重）==="; & "D:\software_work\conda_envs\SupplyChainNLP\python.exe" ...
+                 ~~~~~~~~~~~~~~~~~~~~~~~~~~~~~~~~~~~~~~~~~~~~~~~~~~~~~~~~~
    + CategoryInfo          : NotSpecified: (:String) [], RemoteException
    + FullyQualifiedErrorId : NativeCommandError
 
Loading weights:   0%|          | 0/199 [00:00<?, ?it/s]
Loading weights:  10%|▉         | 19/199 [00:00<00:00, 186.33it/s]
Loading weights:  25%|██▌       | 50/199 [00:00<00:00, 254.04it/s]
Loading weights:  39%|███▉      | 78/199 [00:00<00:00, 264.21it/s]
Loading weights:  55%|█████▌    | 110/199 [00:00<00:00, 278.41it/s]
Loading weights: 100%|██████████| 199/199 [00:00<00:00, 472.63it/s]
[transformers] [1mBertModel LOAD REPORT[0m from: D:\workspace_AI\workspace_traecode\xiangmu_traecode\Supply Chain NLP
\models\bert-base-chinese
Key                                        | Status     |  | 
-------------------------------------------+------------+--+-
cls.seq_relationship.bias                  | UNEXPECTED |  | 
cls.predictions.bias                       | UNEXPECTED |  | 
cls.predictions.transform.LayerNorm.weight | UNEXPECTED |  | 
cls.predictions.transform.dense.bias       | UNEXPECTED |  | 
cls.seq_relationship.weight                | UNEXPECTED |  | 
cls.predictions.transform.dense.weight     | UNEXPECTED |  | 
cls.predictions.transform.LayerNorm.bias   | UNEXPECTED |  | 

Notes:
- UNEXPECTED:	can be ignored when loading from different task/architecture; not ok if you expect identical arch.
D:\workspace_AI\workspace_traecode\xiangmu_traecode\Supply Chain NLP\src\compress\quantize_prune.py:26: DeprecationWarn
ing: torch.ao.quantization is deprecated and will be removed in 2.10. 
For migrations of users: 
1. Eager mode quantization (torch.ao.quantization.quantize, torch.ao.quantization.quantize_dynamic), please migrate to 
use torchao eager mode quantize_ API instead 
2. FX graph mode quantization (torch.ao.quantization.quantize_fx.prepare_fx,torch.ao.quantization.quantize_fx.convert_f
x, please migrate to use torchao pt2e quantization API instead (prepare_pt2e, convert_pt2e) 
3. pt2e quantization has been migrated to torchao (https://github.com/pytorch/ao/tree/main/torchao/quantization/pt2e) 
see https://github.com/pytorch/ao/issues/2259 for more details
  q_model = torch.quantization.quantize_dynamic(model, {torch.nn.Linear}, dtype=torch.qint8)

Evaluating:   0%|          | 0/79 [00:00<?, ?it/s]
Evaluating:   1%|▏         | 1/79 [00:00<00:23,  3.36it/s]
Evaluating:   3%|▎         | 2/79 [00:00<00:21,  3.62it/s]
Evaluating:   4%|▍         | 3/79 [00:00<00:19,  3.92it/s]
Evaluating:   5%|▌         | 4/79 [00:01<00:19,  3.80it/s]
Evaluating:   6%|▋         | 5/79 [00:01<00:22,  3.36it/s]
Evaluating:   8%|▊         | 6/79 [00:01<00:22,  3.29it/s]
Evaluating:   9%|▉         | 7/79 [00:02<00:21,  3.39it/s]
Evaluating:  10%|█         | 8/79 [00:02<00:21,  3.38it/s]
Evaluating:  11%|█▏        | 9/79 [00:02<00:22,  3.17it/s]
Evaluating:  13%|█▎        | 10/79 [00:02<00:21,  3.28it/s]
Evaluating:  14%|█▍        | 11/79 [00:03<00:21,  3.23it/s]
Evaluating:  15%|█▌        | 12/79 [00:03<00:19,  3.43it/s]
Evaluating:  16%|█▋        | 13/79 [00:03<00:19,  3.47it/s]
Evaluating:  18%|█▊        | 14/79 [00:04<00:19,  3.31it/s]
Evaluating:  19%|█▉        | 15/79 [00:04<00:18,  3.40it/s]
Evaluating:  20%|██        | 16/79 [00:04<00:17,  3.58it/s]
Evaluating:  22%|██▏       | 17/79 [00:04<00:16,  3.69it/s]
Evaluating:  23%|██▎       | 18/79 [00:05<00:16,  3.73it/s]
Evaluating:  24%|██▍       | 19/79 [00:05<00:15,  3.80it/s]
Evaluating:  25%|██▌       | 20/79 [00:05<00:15,  3.77it/s]
Evaluating:  27%|██▋       | 21/79 [00:05<00:14,  3.88it/s]
Evaluating:  28%|██▊       | 22/79 [00:06<00:14,  3.93it/s]
Evaluating:  29%|██▉       | 23/79 [00:06<00:13,  4.02it/s]
Evaluating:  30%|███       | 24/79 [00:06<00:13,  4.05it/s]
Evaluating:  32%|███▏      | 25/79 [00:06<00:13,  4.11it/s]
Evaluating:  33%|███▎      | 26/79 [00:07<00:13,  3.83it/s]
Evaluating:  34%|███▍      | 27/79 [00:07<00:13,  3.89it/s]
Evaluating:  35%|███▌      | 28/79 [00:07<00:13,  3.85it/s]
Evaluating:  37%|███▋      | 29/79 [00:07<00:12,  3.99it/s]
Evaluating:  38%|███▊      | 30/79 [00:08<00:12,  4.08it/s]
Evaluating:  39%|███▉      | 31/79 [00:08<00:12,  4.00it/s]
Evaluating:  41%|████      | 32/79 [00:08<00:12,  3.77it/s]
Evaluating:  42%|████▏     | 33/79 [00:09<00:12,  3.72it/s]
Evaluating:  43%|████▎     | 34/79 [00:09<00:12,  3.60it/s]
Evaluating:  44%|████▍     | 35/79 [00:09<00:13,  3.30it/s]
Evaluating:  46%|████▌     | 36/79 [00:10<00:13,  3.20it/s]
Evaluating:  47%|████▋     | 37/79 [00:10<00:13,  3.06it/s]
Evaluating:  48%|████▊     | 38/79 [00:10<00:11,  3.49it/s]
Evaluating:  49%|████▉     | 39/79 [00:10<00:10,  3.74it/s]
Evaluating:  51%|█████     | 40/79 [00:11<00:09,  3.95it/s]
Evaluating:  52%|█████▏    | 41/79 [00:11<00:09,  3.94it/s]
Evaluating:  53%|█████▎    | 42/79 [00:11<00:08,  4.16it/s]
Evaluating:  54%|█████▍    | 43/79 [00:11<00:08,  4.25it/s]
Evaluating:  56%|█████▌    | 44/79 [00:11<00:08,  4.05it/s]
Evaluating:  57%|█████▋    | 45/79 [00:12<00:08,  3.90it/s]
Evaluating:  58%|█████▊    | 46/79 [00:12<00:08,  3.83it/s]
Evaluating:  59%|█████▉    | 47/79 [00:12<00:08,  3.78it/s]
Evaluating:  61%|██████    | 48/79 [00:13<00:08,  3.84it/s]
Evaluating:  62%|██████▏   | 49/79 [00:13<00:07,  3.82it/s]
Evaluating:  63%|██████▎   | 50/79 [00:13<00:07,  3.80it/s]
Evaluating:  65%|██████▍   | 51/79 [00:13<00:07,  3.88it/s]
Evaluating:  66%|██████▌   | 52/79 [00:14<00:06,  3.98it/s]
Evaluating:  67%|██████▋   | 53/79 [00:14<00:06,  3.85it/s]
Evaluating:  68%|██████▊   | 54/79 [00:14<00:06,  3.87it/s]
Evaluating:  70%|██████▉   | 55/79 [00:14<00:06,  3.90it/s]
Evaluating:  71%|███████   | 56/79 [00:15<00:06,  3.71it/s]
Evaluating:  72%|███████▏  | 57/79 [00:15<00:05,  3.96it/s]
Evaluating:  73%|███████▎  | 58/79 [00:15<00:05,  4.02it/s]
Evaluating:  75%|███████▍  | 59/79 [00:15<00:04,  4.07it/s]
Evaluating:  76%|███████▌  | 60/79 [00:16<00:04,  4.09it/s]
Evaluating:  77%|███████▋  | 61/79 [00:16<00:04,  4.16it/s]
Evaluating:  78%|███████▊  | 62/79 [00:16<00:04,  3.88it/s]
Evaluating:  80%|███████▉  | 63/79 [00:16<00:04,  3.84it/s]
Evaluating:  81%|████████  | 64/79 [00:17<00:03,  3.81it/s]
Evaluating:  82%|████████▏ | 65/79 [00:17<00:03,  3.81it/s]
Evaluating:  84%|████████▎ | 66/79 [00:17<00:03,  3.85it/s]
Evaluating:  85%|████████▍ | 67/79 [00:17<00:03,  3.67it/s]
Evaluating:  86%|████████▌ | 68/79 [00:18<00:03,  3.62it/s]
Evaluating:  87%|████████▋ | 69/79 [00:18<00:02,  3.73it/s]
Evaluating:  89%|████████▊ | 70/79 [00:18<00:02,  3.53it/s]
Evaluating:  90%|████████▉ | 71/79 [00:19<00:02,  3.65it/s]
Evaluating:  91%|█████████ | 72/79 [00:19<00:01,  3.53it/s]
Evaluating:  92%|█████████▏| 73/79 [00:19<00:01,  3.35it/s]
Evaluating:  94%|█████████▎| 74/79 [00:20<00:01,  3.17it/s]
Evaluating:  95%|█████████▍| 75/79 [00:20<00:01,  3.19it/s]
Evaluating:  96%|█████████▌| 76/79 [00:20<00:00,  3.42it/s]
Evaluating:  97%|█████████▋| 77/79 [00:20<00:00,  3.35it/s]
Evaluating:  99%|█████████▊| 78/79 [00:21<00:00,  3.51it/s]
动态量化(int8, Linear) Test Acc=0.8728, Macro F1=0.8827
模型体积: fp32 390.2MB -> int8 145.6MB
量化模型: D:\workspace_AI\workspace_traecode\xiangmu_traecode\Supply Chain NLP\models\checkpoints\bert_best_int8.pt
              precision    recall  f1-score   support

        文件资料     1.0000    0.8590    0.9242      1000
        服饰鞋帽     1.0000    0.8600    0.9247      1000
        数码家电     0.6596    0.9050    0.7631      1000
        食品生鲜     0.5668    0.9290    0.7041      1000
        日用百货     0.9988    0.8600    0.9242      1000
        美妆个护     1.0000    0.8600    0.9247      1000
        医药健康     0.9740    0.8630    0.9152      1000
         易碎品     1.0000    0.8600    0.9247      1000
         违禁品     1.0000    0.8600    0.9247      1000
          其他     0.9247    0.8720    0.8976      1000

    accuracy                         0.8728     10000
   macro avg     0.9124    0.8728    0.8827     10000
weighted avg     0.9124    0.8728    0.8827     10000

                                                           

Loading weights:   0%|          | 0/199 [00:00<?, ?it/s]
Loading weights:  21%|██        | 42/199 [00:00<00:00, 413.59it/s]
Loading weights:  42%|████▏     | 84/199 [00:00<00:00, 303.80it/s]
Loading weights: 100%|██████████| 199/199 [00:00<00:00, 646.14it/s]
[transformers] [1mBertModel LOAD REPORT[0m from: D:\workspace_AI\workspace_traecode\xiangmu_traecode\Supply Chain NLP
\models\bert-base-chinese
Key                                        | Status     |  | 
-------------------------------------------+------------+--+-
cls.seq_relationship.bias                  | UNEXPECTED |  | 
cls.predictions.bias                       | UNEXPECTED |  | 
cls.predictions.transform.LayerNorm.weight | UNEXPECTED |  | 
cls.predictions.transform.dense.bias       | UNEXPECTED |  | 
cls.seq_relationship.weight                | UNEXPECTED |  | 
cls.predictions.transform.dense.weight     | UNEXPECTED |  | 
cls.predictions.transform.LayerNorm.bias   | UNEXPECTED |  | 

Notes:
- UNEXPECTED:	can be ignored when loading from different task/architecture; not ok if you expect identical arch.

Evaluating:   0%|          | 0/79 [00:00<?, ?it/s]
Evaluating:   1%|▏         | 1/79 [00:00<00:35,  2.18it/s]
Evaluating:   5%|▌         | 4/79 [00:00<00:09,  8.10it/s]
Evaluating:   8%|▊         | 6/79 [00:00<00:06, 10.88it/s]
Evaluating:  11%|█▏        | 9/79 [00:00<00:04, 14.13it/s]
Evaluating:  15%|█▌        | 12/79 [00:00<00:04, 16.26it/s]
Evaluating:  18%|█▊        | 14/79 [00:01<00:03, 17.12it/s]
Evaluating:  22%|██▏       | 17/79 [00:01<00:03, 18.71it/s]
Evaluating:  25%|██▌       | 20/79 [00:01<00:02, 19.68it/s]
Evaluating:  29%|██▉       | 23/79 [00:01<00:02, 20.11it/s]
Evaluating:  33%|███▎      | 26/79 [00:01<00:02, 20.51it/s]
Evaluating:  37%|███▋      | 29/79 [00:01<00:02, 20.96it/s]
Evaluating:  41%|████      | 32/79 [00:01<00:02, 21.01it/s]
Evaluating:  44%|████▍     | 35/79 [00:02<00:02, 21.21it/s]
Evaluating:  48%|████▊     | 38/79 [00:02<00:01, 20.80it/s]
Evaluating:  52%|█████▏    | 41/79 [00:02<00:01, 20.40it/s]
Evaluating:  56%|█████▌    | 44/79 [00:02<00:01, 20.28it/s]
Evaluating:  59%|█████▉    | 47/79 [00:02<00:01, 20.24it/s]
Evaluating:  63%|██████▎   | 50/79 [00:02<00:01, 20.87it/s]
Evaluating:  67%|██████▋   | 53/79 [00:02<00:01, 21.17it/s]
Evaluating:  71%|███████   | 56/79 [00:03<00:01, 21.15it/s]
Evaluating:  75%|███████▍  | 59/79 [00:03<00:00, 21.82it/s]
Evaluating:  78%|███████▊  | 62/79 [00:03<00:00, 21.78it/s]
Evaluating:  82%|████████▏ | 65/79 [00:03<00:00, 21.46it/s]
Evaluating:  86%|████████▌ | 68/79 [00:03<00:00, 21.20it/s]
Evaluating:  90%|████████▉ | 71/79 [00:03<00:00, 21.07it/s]
Evaluating:  94%|█████████▎| 74/79 [00:03<00:00, 20.88it/s]
Evaluating:  97%|█████████▋| 77/79 [00:04<00:00, 20.71it/s]
                                                           

Evaluating:   0%|          | 0/79 [00:00<?, ?it/s]
Evaluating:   4%|▍         | 3/79 [00:00<00:03, 23.07it/s]
Evaluating:   8%|▊         | 6/79 [00:00<00:03, 20.91it/s]
Evaluating:  11%|█▏        | 9/79 [00:00<00:03, 20.78it/s]
Evaluating:  15%|█▌        | 12/79 [00:00<00:03, 20.83it/s]
Evaluating:  19%|█▉        | 15/79 [00:00<00:03, 20.60it/s]
Evaluating:  23%|██▎       | 18/79 [00:00<00:02, 20.94it/s]
Evaluating:  27%|██▋       | 21/79 [00:01<00:02, 20.92it/s]
Evaluating:  30%|███       | 24/79 [00:01<00:02, 21.36it/s]
Evaluating:  34%|███▍      | 27/79 [00:01<00:02, 21.43it/s]
Evaluating:  38%|███▊      | 30/79 [00:01<00:02, 21.67it/s]
Evaluating:  42%|████▏     | 33/79 [00:01<00:02, 21.25it/s]
Evaluating:  46%|████▌     | 36/79 [00:01<00:02, 21.25it/s]
Evaluating:  49%|████▉     | 39/79 [00:01<00:01, 20.93it/s]
Evaluating:  53%|█████▎    | 42/79 [00:01<00:01, 20.62it/s]
Evaluating:  57%|█████▋    | 45/79 [00:02<00:01, 20.47it/s]
Evaluating:  61%|██████    | 48/79 [00:02<00:01, 20.63it/s]
Evaluating:  65%|██████▍   | 51/79 [00:02<00:01, 21.26it/s]
Evaluating:  68%|██████▊   | 54/79 [00:02<00:01, 21.43it/s]
Evaluating:  72%|███████▏  | 57/79 [00:02<00:01, 21.57it/s]
Evaluating:  76%|███████▌  | 60/79 [00:02<00:00, 21.79it/s]
Evaluating:  80%|███████▉  | 63/79 [00:02<00:00, 21.69it/s]
Evaluating:  84%|████████▎ | 66/79 [00:03<00:00, 21.55it/s]
Evaluating:  87%|████████▋ | 69/79 [00:03<00:00, 21.36it/s]
Evaluating:  91%|█████████ | 72/79 [00:03<00:00, 21.26it/s]
Evaluating:  95%|█████████▍| 75/79 [00:03<00:00, 20.76it/s]
Evaluating:  99%|█████████▊| 78/79 [00:03<00:00, 20.83it/s]
L1剪枝30%（encoder.query）: Acc 0.8735->0.8729, F1 0.8875->0.8860, 稀疏度=0.3000
剪枝模型: D:\workspace_AI\workspace_traecode\xiangmu_traecode\Supply Chain NLP\models\checkpoints\bert_best_pruned.pt
                                                           

Loading weights:   0%|          | 0/199 [00:00<?, ?it/s]
Loading weights:  14%|█▎        | 27/199 [00:00<00:00, 255.68it/s]
Loading weights:  30%|██▉       | 59/199 [00:00<00:00, 291.41it/s]
Loading weights:  45%|████▍     | 89/199 [00:00<00:00, 250.95it/s]
Loading weights: 100%|██████████| 199/199 [00:00<00:00, 523.83it/s]
[transformers] [1mBertModel LOAD REPORT[0m from: D:\workspace_AI\workspace_traecode\xiangmu_traecode\Supply Chain NLP
\models\bert-base-chinese
Key                                        | Status     |  | 
-------------------------------------------+------------+--+-
cls.seq_relationship.bias                  | UNEXPECTED |  | 
cls.predictions.bias                       | UNEXPECTED |  | 
cls.predictions.transform.LayerNorm.weight | UNEXPECTED |  | 
cls.predictions.transform.dense.bias       | UNEXPECTED |  | 
cls.seq_relationship.weight                | UNEXPECTED |  | 
cls.predictions.transform.dense.weight     | UNEXPECTED |  | 
cls.predictions.transform.LayerNorm.bias   | UNEXPECTED |  | 

Notes:
- UNEXPECTED:	can be ignored when loading from different task/architecture; not ok if you expect identical arch.
D:\workspace_AI\workspace_traecode\xiangmu_traecode\Supply Chain NLP\src\compress\quantize_prune.py:85: DeprecationWarn
ing: torch.ao.quantization is deprecated and will be removed in 2.10. 
For migrations of users: 
1. Eager mode quantization (torch.ao.quantization.quantize, torch.ao.quantization.quantize_dynamic), please migrate to 
use torchao eager mode quantize_ API instead 
2. FX graph mode quantization (torch.ao.quantization.quantize_fx.prepare_fx,torch.ao.quantization.quantize_fx.convert_f
x, please migrate to use torchao pt2e quantization API instead (prepare_pt2e, convert_pt2e) 
3. pt2e quantization has been migrated to torchao (https://github.com/pytorch/ao/tree/main/torchao/quantization/pt2e) 
see https://github.com/pytorch/ao/issues/2259 for more details
  q_model = torch.quantization.quantize_dynamic(fp32_model, {torch.nn.Linear}, dtype=torch.qint8)
BERT fp32 (CPU): 25.6 ms/条
BERT int8 (CPU): 14.6 ms/条
加速比: 1.75x
已保存 -> D:\workspace_AI\workspace_traecode\xiangmu_traecode\Supply Chain NLP\experiments\compress.md
