[fasttext] 训练 char_default ...
python.exe : 
At line:15 char:1885
+ ... Chain NLP"; & "D:\software_work\conda_envs\SupplyChainNLP\python.exe" ...
+                 ~~~~~~~~~~~~~~~~~~~~~~~~~~~~~~~~~~~~~~~~~~~~~~~~~~~~~~~~~
    + CategoryInfo          : NotSpecified: (:String) [], RemoteException
    + FullyQualifiedErrorId : NativeCommandError
 
Read 1M words
Read 1M words
Number of words:  562
Number of labels: 10

Progress: 100.0% words/sec/thread: 4599040 lr:  0.000000 avg.loss:  0.343764 ETA:   0h 0m 0s
fasttext[char_default] 训练耗时 2s
Test: 样本数=10000, P=0.8660, R=0.8660
单条预测耗时: 0.01 ms
模型: D:\workspace_AI\workspace_traecode\xiangmu_traecode\Supply Chain NLP\models\fasttext\fastText_char_default.bin
[fasttext] 训练 char_auto ...

Progress:   0.2% Trials:    1 Best score:   unknown ETA:   0h 4m59s
Progress:   0.3% Trials:    1 Best score:   unknown ETA:   0h 4m58s
Progress:   0.5% Trials:    1 Best score:   unknown ETA:   0h 4m58s
Progress:   0.7% Trials:    1 Best score:   unknown ETA:   0h 4m57s
Progress:   0.9% Trials:    2 Best score:  0.865100 ETA:   0h 4m57s
Progress:   1.0% Trials:    2 Best score:  0.865100 ETA:   0h 4m56s
Progress:   1.2% Trials:    3 Best score:  0.865200 ETA:   0h 4m56s
Progress:   1.4% Trials:    3 Best score:  0.865200 ETA:   0h 4m55s
Progress:   1.5% Trials:    3 Best score:  0.865200 ETA:   0h 4m55s
Progress:   1.7% Trials:    3 Best score:  0.865200 ETA:   0h 4m54s
Progress:   1.9% Trials:    3 Best score:  0.865200 ETA:   0h 4m54s
Progress:   2.0% Trials:    3 Best score:  0.865200 ETA:   0h 4m53s
Progress:   2.2% Trials:    3 Best score:  0.865200 ETA:   0h 4m53s
Progress:   2.4% Trials:    3 Best score:  0.865200 ETA:   0h 4m52s
Progress:   2.6% Trials:    3 Best score:  0.865200 ETA:   0h 4m52s
Progress:   2.7% Trials:    3 Best score:  0.865200 ETA:   0h 4m51s
Progress:   2.9% Trials:    3 Best score:  0.865200 ETA:   0h 4m51s
Progress:   3.1% Trials:    3 Best score:  0.865200 ETA:   0h 4m50s
Progress:   3.2% Trials:    3 Best score:  0.865200 ETA:   0h 4m50s
Progress:   3.4% Trials:    3 Best score:  0.865200 ETA:   0h 4m49s
Progress:   3.6% Trials:    3 Best score:  0.865200 ETA:   0h 4m49s
Progress:   3.7% Trials:    3 Best score:  0.865200 ETA:   0h 4m48s
Progress:   3.9% Trials:    3 Best score:  0.865200 ETA:   0h 4m48s
Progress:   4.1% Trials:    3 Best score:  0.865200 ETA:   0h 4m47s
Progress:   4.3% Trials:    3 Best score:  0.865200 ETA:   0h 4m47s
Progress:   4.4% Trials:    3 Best score:  0.865200 ETA:   0h 4m46s
Progress:   4.6% Trials:    3 Best score:  0.865200 ETA:   0h 4m46s
Progress:   4.8% Trials:    3 Best score:  0.865200 ETA:   0h 4m45s
Progress:   4.9% Trials:    4 Best score:  0.865200 ETA:   0h 4m45s
Progress:   5.1% Trials:    4 Best score:  0.865200 ETA:   0h 4m44s
Progress:   5.3% Trials:    5 Best score:  0.865200 ETA:   0h 4m44s
Progress:   5.5% Trials:    5 Best score:  0.865200 ETA:   0h 4m43s
Progress:   5.6% Trials:    5 Best score:  0.865200 ETA:   0h 4m43s
Progress:   5.8% Trials:    5 Best score:  0.865200 ETA:   0h 4m42s
Progress:   6.0% Trials:    5 Best score:  0.865200 ETA:   0h 4m42s
Progress:   6.1% Trials:    5 Best score:  0.865200 ETA:   0h 4m41s
Progress:   6.3% Trials:    5 Best score:  0.865200 ETA:   0h 4m41s
Progress:   6.5% Trials:    5 Best score:  0.865200 ETA:   0h 4m40s
Progress:   6.6% Trials:    5 Best score:  0.865200 ETA:   0h 4m40s
Progress:   6.8% Trials:    5 Best score:  0.865200 ETA:   0h 4m39s
Progress:   7.0% Trials:    5 Best score:  0.865200 ETA:   0h 4m39s
Progress:   7.2% Trials:    5 Best score:  0.865200 ETA:   0h 4m38s
Progress:   7.3% Trials:    5 Best score:  0.865200 ETA:   0h 4m38s
Progress:   7.5% Trials:    5 Best score:  0.865200 ETA:   0h 4m37s
Progress:   7.7% Trials:    5 Best score:  0.865200 ETA:   0h 4m36s
Progress:   7.8% Trials:    5 Best score:  0.865200 ETA:   0h 4m36s
Progress:   8.0% Trials:    5 Best score:  0.865200 ETA:   0h 4m35s
Progress:   8.2% Trials:    5 Best score:  0.865200 ETA:   0h 4m35s
Progress:   8.4% Trials:    5 Best score:  0.865200 ETA:   0h 4m34s
Progress:   8.5% Trials:    5 Best score:  0.865200 ETA:   0h 4m34s
Progress:   8.7% Trials:    5 Best score:  0.865200 ETA:   0h 4m33s
Progress:   8.9% Trials:    5 Best score:  0.865200 ETA:   0h 4m33s
Progress:   9.0% Trials:    5 Best score:  0.865200 ETA:   0h 4m32s
Progress:   9.2% Trials:    5 Best score:  0.865200 ETA:   0h 4m32s
Progress:   9.4% Trials:    5 Best score:  0.865200 ETA:   0h 4m31s
Progress:   9.5% Trials:    5 Best score:  0.865200 ETA:   0h 4m31s
Progress:   9.7% Trials:    5 Best score:  0.865200 ETA:   0h 4m30s
Progress:   9.9% Trials:    5 Best score:  0.865200 ETA:   0h 4m30s
Progress:  10.0% Trials:    5 Best score:  0.865200 ETA:   0h 4m29s
Progress:  10.2% Trials:    5 Best score:  0.865200 ETA:   0h 4m29s
Progress:  10.4% Trials:    5 Best score:  0.865200 ETA:   0h 4m28s
Progress:  10.6% Trials:    5 Best score:  0.865200 ETA:   0h 4m28s
Progress:  10.7% Trials:    5 Best score:  0.865200 ETA:   0h 4m27s
Progress:  10.9% Trials:    5 Best score:  0.865200 ETA:   0h 4m27s
Progress:  11.1% Trials:    5 Best score:  0.865200 ETA:   0h 4m26s
Progress:  11.2% Trials:    5 Best score:  0.865200 ETA:   0h 4m26s
Progress:  11.4% Trials:    5 Best score:  0.865200 ETA:   0h 4m25s
Progress:  11.6% Trials:    5 Best score:  0.865200 ETA:   0h 4m25s
Progress:  11.7% Trials:    5 Best score:  0.865200 ETA:   0h 4m24s
Progress:  11.9% Trials:    5 Best score:  0.865200 ETA:   0h 4m24s
Progress:  12.1% Trials:    5 Best score:  0.865200 ETA:   0h 4m23s
Progress:  12.3% Trials:    5 Best score:  0.865200 ETA:   0h 4m23s
Progress:  12.4% Trials:    5 Best score:  0.865200 ETA:   0h 4m22s
Progress:  12.6% Trials:    5 Best score:  0.865200 ETA:   0h 4m22s
Progress:  12.8% Trials:    5 Best score:  0.865200 ETA:   0h 4m21s
Progress:  12.9% Trials:    5 Best score:  0.865200 ETA:   0h 4m21s
Progress:  13.1% Trials:    5 Best score:  0.865200 ETA:   0h 4m20s
Progress:  13.3% Trials:    5 Best score:  0.865200 ETA:   0h 4m20s
Progress:  13.4% Trials:    5 Best score:  0.865200 ETA:   0h 4m19s
Progress:  13.6% Trials:    5 Best score:  0.865200 ETA:   0h 4m19s
Progress:  13.8% Trials:    5 Best score:  0.865200 ETA:   0h 4m18s
Progress:  14.0% Trials:    6 Best score:  0.865200 ETA:   0h 4m18s
Progress:  14.1% Trials:    6 Best score:  0.865200 ETA:   0h 4m17s
Progress:  14.3% Trials:    6 Best score:  0.865200 ETA:   0h 4m17s
Progress:  14.5% Trials:    6 Best score:  0.865200 ETA:   0h 4m16s
Progress:  14.6% Trials:    6 Best score:  0.865200 ETA:   0h 4m16s
Progress:  14.8% Trials:    6 Best score:  0.865200 ETA:   0h 4m15s
Progress:  15.0% Trials:    7 Best score:  0.865200 ETA:   0h 4m15s
Progress:  15.2% Trials:    7 Best score:  0.865200 ETA:   0h 4m14s
Progress:  15.3% Trials:    8 Best score:  0.865200 ETA:   0h 4m14s
Progress:  15.5% Trials:    8 Best score:  0.865200 ETA:   0h 4m13s
Progress:  15.7% Trials:    8 Best score:  0.865200 ETA:   0h 4m13s
Progress:  15.8% Trials:    8 Best score:  0.865200 ETA:   0h 4m12s
Progress:  16.0% Trials:    9 Best score:  0.865200 ETA:   0h 4m11s
Progress:  16.2% Trials:    9 Best score:  0.865200 ETA:   0h 4m11s
Progress:  16.3% Trials:   13 Best score:  0.865200 ETA:   0h 4m10s
Progress:  16.5% Trials:   13 Best score:  0.865200 ETA:   0h 4m10s
Progress:  16.7% Trials:   14 Best score:  0.865500 ETA:   0h 4m 9s
Progress:  16.8% Trials:   14 Best score:  0.865500 ETA:   0h 4m 9s
Progress:  17.0% Trials:   15 Best score:  0.865500 ETA:   0h 4m 8s
Progress:  17.2% Trials:   15 Best score:  0.865500 ETA:   0h 4m 8s
Progress:  17.4% Trials:   15 Best score:  0.865500 ETA:   0h 4m 7s
Progress:  17.5% Trials:   15 Best score:  0.865500 ETA:   0h 4m 7s
Progress:  17.7% Trials:   16 Best score:  0.865500 ETA:   0h 4m 6s
Progress:  17.9% Trials:   16 Best score:  0.865500 ETA:   0h 4m 6s
Progress:  18.0% Trials:   16 Best score:  0.865500 ETA:   0h 4m 5s
Progress:  18.2% Trials:   17 Best score:  0.865500 ETA:   0h 4m 5s
Progress:  18.4% Trials:   19 Best score:  0.865500 ETA:   0h 4m 4s
Progress:  18.5% Trials:   19 Best score:  0.865500 ETA:   0h 4m 4s
Progress:  18.7% Trials:   19 Best score:  0.865500 ETA:   0h 4m 3s
Progress:  18.9% Trials:   19 Best score:  0.865500 ETA:   0h 4m 3s
Progress:  19.1% Trials:   19 Best score:  0.865500 ETA:   0h 4m 2s
Progress:  19.2% Trials:   20 Best score:  0.865500 ETA:   0h 4m 2s
Progress:  19.4% Trials:   21 Best score:  0.865500 ETA:   0h 4m 1s
Progress:  19.6% Trials:   21 Best score:  0.865500 ETA:   0h 4m 1s
Progress:  19.7% Trials:   21 Best score:  0.865500 ETA:   0h 4m 0s
Progress:  19.9% Trials:   21 Best score:  0.865500 ETA:   0h 4m 0s
Progress:  20.1% Trials:   21 Best score:  0.865500 ETA:   0h 3m59s
Progress:  20.3% Trials:   21 Best score:  0.865500 ETA:   0h 3m59s
Progress:  20.4% Trials:   21 Best score:  0.865500 ETA:   0h 3m58s
Progress:  20.6% Trials:   21 Best score:  0.865500 ETA:   0h 3m58s
Progress:  20.8% Trials:   21 Best score:  0.865500 ETA:   0h 3m57s
Progress:  20.9% Trials:   21 Best score:  0.865500 ETA:   0h 3m57s
Progress:  21.1% Trials:   21 Best score:  0.865500 ETA:   0h 3m56s
Progress:  21.3% Trials:   21 Best score:  0.865500 ETA:   0h 3m56s
Progress:  21.4% Trials:   21 Best score:  0.865500 ETA:   0h 3m55s
Progress:  21.6% Trials:   22 Best score:  0.865500 ETA:   0h 3m55s
Progress:  21.8% Trials:   22 Best score:  0.865500 ETA:   0h 3m54s
Progress:  22.0% Trials:   22 Best score:  0.865500 ETA:   0h 3m54s
Progress:  22.1% Trials:   22 Best score:  0.865500 ETA:   0h 3m53s
Progress:  22.3% Trials:   22 Best score:  0.865500 ETA:   0h 3m53s
Progress:  22.5% Trials:   22 Best score:  0.865500 ETA:   0h 3m52s
Progress:  22.6% Trials:   22 Best score:  0.865500 ETA:   0h 3m52s
Progress:  22.8% Trials:   22 Best score:  0.865500 ETA:   0h 3m51s
Progress:  23.0% Trials:   22 Best score:  0.865500 ETA:   0h 3m51s
Progress:  23.1% Trials:   22 Best score:  0.865500 ETA:   0h 3m50s
Progress:  23.3% Trials:   22 Best score:  0.865500 ETA:   0h 3m50s
Progress:  23.5% Trials:   22 Best score:  0.865500 ETA:   0h 3m49s
Progress:  23.7% Trials:   22 Best score:  0.865500 ETA:   0h 3m49s
Progress:  23.8% Trials:   22 Best score:  0.865500 ETA:   0h 3m48s
Progress:  24.0% Trials:   22 Best score:  0.865500 ETA:   0h 3m48s
Progress:  24.2% Trials:   22 Best score:  0.865500 ETA:   0h 3m47s
Progress:  24.3% Trials:   22 Best score:  0.865500 ETA:   0h 3m46s
Progress:  24.5% Trials:   22 Best score:  0.865500 ETA:   0h 3m46s
Progress:  24.7% Trials:   22 Best score:  0.865500 ETA:   0h 3m45s
Progress:  24.8% Trials:   22 Best score:  0.865500 ETA:   0h 3m45s
Progress:  25.0% Trials:   22 Best score:  0.865500 ETA:   0h 3m44s
Progress:  25.2% Trials:   22 Best score:  0.865500 ETA:   0h 3m44s
Progress:  25.4% Trials:   22 Best score:  0.865500 ETA:   0h 3m43s
Progress:  25.5% Trials:   22 Best score:  0.865500 ETA:   0h 3m43s
Progress:  25.7% Trials:   22 Best score:  0.865500 ETA:   0h 3m42s
Progress:  25.9% Trials:   22 Best score:  0.865500 ETA:   0h 3m42s
Progress:  26.0% Trials:   22 Best score:  0.865500 ETA:   0h 3m41s
Progress:  26.2% Trials:   22 Best score:  0.865500 ETA:   0h 3m41s
Progress:  26.4% Trials:   22 Best score:  0.865500 ETA:   0h 3m40s
Progress:  26.6% Trials:   22 Best score:  0.865500 ETA:   0h 3m40s
Progress:  26.7% Trials:   22 Best score:  0.865500 ETA:   0h 3m39s
Progress:  26.9% Trials:   22 Best score:  0.865500 ETA:   0h 3m39s
Progress:  27.1% Trials:   22 Best score:  0.865500 ETA:   0h 3m38s
Progress:  27.2% Trials:   22 Best score:  0.865500 ETA:   0h 3m38s
Progress:  27.4% Trials:   22 Best score:  0.865500 ETA:   0h 3m37s
Progress:  27.6% Trials:   22 Best score:  0.865500 ETA:   0h 3m37s
Progress:  27.8% Trials:   22 Best score:  0.865500 ETA:   0h 3m36s
Progress:  27.9% Trials:   22 Best score:  0.865500 ETA:   0h 3m36s
Progress:  28.1% Trials:   22 Best score:  0.865500 ETA:   0h 3m35s
Progress:  28.3% Trials:   22 Best score:  0.865500 ETA:   0h 3m35s
Progress:  28.4% Trials:   22 Best score:  0.865500 ETA:   0h 3m34s
Progress:  28.6% Trials:   22 Best score:  0.865500 ETA:   0h 3m34s
Progress:  28.8% Trials:   22 Best score:  0.865500 ETA:   0h 3m33s
Progress:  28.9% Trials:   22 Best score:  0.865500 ETA:   0h 3m33s
Progress:  29.1% Trials:   22 Best score:  0.865500 ETA:   0h 3m32s
Progress:  29.3% Trials:   22 Best score:  0.865500 ETA:   0h 3m32s
Progress:  29.5% Trials:   22 Best score:  0.865500 ETA:   0h 3m31s
Progress:  29.6% Trials:   22 Best score:  0.865500 ETA:   0h 3m31s
Progress:  29.8% Trials:   22 Best score:  0.865500 ETA:   0h 3m30s
Progress:  30.0% Trials:   22 Best score:  0.865500 ETA:   0h 3m30s
Progress:  30.1% Trials:   22 Best score:  0.865500 ETA:   0h 3m29s
Progress:  30.3% Trials:   22 Best score:  0.865500 ETA:   0h 3m29s
Progress:  30.5% Trials:   22 Best score:  0.865500 ETA:   0h 3m28s
Progress:  30.6% Trials:   22 Best score:  0.865500 ETA:   0h 3m28s
Progress:  30.8% Trials:   22 Best score:  0.865500 ETA:   0h 3m27s
Progress:  31.0% Trials:   22 Best score:  0.865500 ETA:   0h 3m27s
Progress:  31.2% Trials:   22 Best score:  0.865500 ETA:   0h 3m26s
Progress:  31.3% Trials:   22 Best score:  0.865500 ETA:   0h 3m26s
Progress:  31.5% Trials:   22 Best score:  0.865500 ETA:   0h 3m25s
Progress:  31.7% Trials:   22 Best score:  0.865500 ETA:   0h 3m24s
Progress:  31.8% Trials:   22 Best score:  0.865500 ETA:   0h 3m24s
Progress:  32.0% Trials:   22 Best score:  0.865500 ETA:   0h 3m23s
Progress:  32.2% Trials:   22 Best score:  0.865500 ETA:   0h 3m23s
Progress:  32.4% Trials:   22 Best score:  0.865500 ETA:   0h 3m22s
Progress:  32.5% Trials:   22 Best score:  0.865500 ETA:   0h 3m22s
Progress:  32.7% Trials:   22 Best score:  0.865500 ETA:   0h 3m21s
Progress:  32.9% Trials:   23 Best score:  0.865500 ETA:   0h 3m21s
Progress:  33.0% Trials:   23 Best score:  0.865500 ETA:   0h 3m20s
Progress:  33.2% Trials:   23 Best score:  0.865500 ETA:   0h 3m20s
Progress:  33.4% Trials:   23 Best score:  0.865500 ETA:   0h 3m19s
Progress:  33.5% Trials:   23 Best score:  0.865500 ETA:   0h 3m19s
Progress:  33.7% Trials:   23 Best score:  0.865500 ETA:   0h 3m18s
Progress:  33.9% Trials:   23 Best score:  0.865500 ETA:   0h 3m18s
Progress:  34.1% Trials:   23 Best score:  0.865500 ETA:   0h 3m17s
Progress:  34.2% Trials:   25 Best score:  0.865500 ETA:   0h 3m17s
Progress:  34.4% Trials:   25 Best score:  0.865500 ETA:   0h 3m16s
Progress:  34.6% Trials:   25 Best score:  0.865500 ETA:   0h 3m16s
Progress:  34.7% Trials:   25 Best score:  0.865500 ETA:   0h 3m15s
Progress:  34.9% Trials:   25 Best score:  0.865500 ETA:   0h 3m15s
Progress:  35.1% Trials:   25 Best score:  0.865500 ETA:   0h 3m14s
Progress:  35.2% Trials:   25 Best score:  0.865500 ETA:   0h 3m14s
Progress:  35.4% Trials:   25 Best score:  0.865500 ETA:   0h 3m13s
Progress:  35.6% Trials:   25 Best score:  0.865500 ETA:   0h 3m13s
Progress:  35.8% Trials:   25 Best score:  0.865500 ETA:   0h 3m12s
Progress:  35.9% Trials:   25 Best score:  0.865500 ETA:   0h 3m12s
Progress:  36.1% Trials:   25 Best score:  0.865500 ETA:   0h 3m11s
Progress:  36.3% Trials:   25 Best score:  0.865500 ETA:   0h 3m11s
Progress:  36.4% Trials:   25 Best score:  0.865500 ETA:   0h 3m10s
Progress:  36.6% Trials:   25 Best score:  0.865500 ETA:   0h 3m10s
Progress:  36.8% Trials:   25 Best score:  0.865500 ETA:   0h 3m 9s
Progress:  36.9% Trials:   25 Best score:  0.865500 ETA:   0h 3m 9s
Progress:  37.1% Trials:   25 Best score:  0.865500 ETA:   0h 3m 8s
Progress:  37.3% Trials:   26 Best score:  0.865500 ETA:   0h 3m 8s
Progress:  37.5% Trials:   26 Best score:  0.865500 ETA:   0h 3m 7s
Progress:  37.6% Trials:   26 Best score:  0.865500 ETA:   0h 3m 7s
Progress:  37.8% Trials:   26 Best score:  0.865500 ETA:   0h 3m 6s
Progress:  38.0% Trials:   26 Best score:  0.865500 ETA:   0h 3m 6s
Progress:  38.1% Trials:   26 Best score:  0.865500 ETA:   0h 3m 5s
Progress:  38.3% Trials:   27 Best score:  0.865500 ETA:   0h 3m 5s
Progress:  38.5% Trials:   27 Best score:  0.865500 ETA:   0h 3m 4s
Progress:  38.6% Trials:   27 Best score:  0.865500 ETA:   0h 3m 4s
Progress:  38.8% Trials:   27 Best score:  0.865500 ETA:   0h 3m 3s
Progress:  39.0% Trials:   27 Best score:  0.865500 ETA:   0h 3m 3s
Progress:  39.2% Trials:   27 Best score:  0.865500 ETA:   0h 3m 2s
Progress:  39.3% Trials:   27 Best score:  0.865500 ETA:   0h 3m 2s
Progress:  39.5% Trials:   27 Best score:  0.865500 ETA:   0h 3m 1s
Progress:  39.7% Trials:   27 Best score:  0.865500 ETA:   0h 3m 1s
Progress:  39.8% Trials:   27 Best score:  0.865500 ETA:   0h 3m 0s
Progress:  40.0% Trials:   27 Best score:  0.865500 ETA:   0h 3m 0s
Progress:  40.2% Trials:   27 Best score:  0.865500 ETA:   0h 2m59s
Progress:  40.3% Trials:   27 Best score:  0.865500 ETA:   0h 2m58s
Progress:  40.5% Trials:   27 Best score:  0.865500 ETA:   0h 2m58s
Progress:  40.7% Trials:   27 Best score:  0.865500 ETA:   0h 2m57s
Progress:  40.8% Trials:   27 Best score:  0.865500 ETA:   0h 2m57s
Progress:  41.0% Trials:   27 Best score:  0.865500 ETA:   0h 2m56s
Progress:  41.2% Trials:   27 Best score:  0.865500 ETA:   0h 2m56s
Progress:  41.4% Trials:   27 Best score:  0.865500 ETA:   0h 2m55s
Progress:  41.5% Trials:   27 Best score:  0.865500 ETA:   0h 2m55s
Progress:  41.7% Trials:   27 Best score:  0.865500 ETA:   0h 2m54s
Progress:  41.9% Trials:   27 Best score:  0.865500 ETA:   0h 2m54s
Progress:  42.0% Trials:   27 Best score:  0.865500 ETA:   0h 2m53s
Progress:  42.2% Trials:   27 Best score:  0.865500 ETA:   0h 2m53s
Progress:  42.4% Trials:   27 Best score:  0.865500 ETA:   0h 2m52s
Progress:  42.6% Trials:   27 Best score:  0.865500 ETA:   0h 2m52s
Progress:  42.7% Trials:   27 Best score:  0.865500 ETA:   0h 2m51s
Progress:  42.9% Trials:   27 Best score:  0.865500 ETA:   0h 2m51s
Progress:  43.1% Trials:   27 Best score:  0.865500 ETA:   0h 2m50s
Progress:  43.2% Trials:   27 Best score:  0.865500 ETA:   0h 2m50s
Progress:  43.4% Trials:   27 Best score:  0.865500 ETA:   0h 2m49s
Progress:  43.6% Trials:   27 Best score:  0.865500 ETA:   0h 2m49s
Progress:  43.7% Trials:   27 Best score:  0.865500 ETA:   0h 2m48s
Progress:  43.9% Trials:   27 Best score:  0.865500 ETA:   0h 2m48s
Progress:  44.1% Trials:   27 Best score:  0.865500 ETA:   0h 2m47s
Progress:  44.3% Trials:   27 Best score:  0.865500 ETA:   0h 2m47s
Progress:  44.4% Trials:   27 Best score:  0.865500 ETA:   0h 2m46s
Progress:  44.6% Trials:   27 Best score:  0.865500 ETA:   0h 2m46s
Progress:  44.8% Trials:   27 Best score:  0.865500 ETA:   0h 2m45s
Progress:  44.9% Trials:   27 Best score:  0.865500 ETA:   0h 2m45s
Progress:  45.1% Trials:   27 Best score:  0.865500 ETA:   0h 2m44s
Progress:  45.3% Trials:   27 Best score:  0.865500 ETA:   0h 2m44s
Progress:  45.5% Trials:   27 Best score:  0.865500 ETA:   0h 2m43s
Progress:  45.6% Trials:   27 Best score:  0.865500 ETA:   0h 2m43s
Progress:  45.8% Trials:   27 Best score:  0.865500 ETA:   0h 2m42s
Progress:  46.0% Trials:   27 Best score:  0.865500 ETA:   0h 2m42s
Progress:  46.1% Trials:   27 Best score:  0.865500 ETA:   0h 2m41s
Progress:  46.3% Trials:   27 Best score:  0.865500 ETA:   0h 2m41s
Progress:  46.5% Trials:   27 Best score:  0.865500 ETA:   0h 2m40s
Progress:  46.7% Trials:   27 Best score:  0.865500 ETA:   0h 2m40s
Progress:  46.8% Trials:   27 Best score:  0.865500 ETA:   0h 2m39s
Progress:  47.0% Trials:   27 Best score:  0.865500 ETA:   0h 2m39s
Progress:  47.2% Trials:   27 Best score:  0.865500 ETA:   0h 2m38s
Progress:  47.3% Trials:   27 Best score:  0.865500 ETA:   0h 2m38s
Progress:  47.5% Trials:   27 Best score:  0.865500 ETA:   0h 2m37s
Progress:  47.7% Trials:   27 Best score:  0.865500 ETA:   0h 2m36s
Progress:  47.8% Trials:   27 Best score:  0.865500 ETA:   0h 2m36s
Progress:  48.0% Trials:   27 Best score:  0.865500 ETA:   0h 2m35s
Progress:  48.2% Trials:   27 Best score:  0.865500 ETA:   0h 2m35s
Progress:  48.4% Trials:   27 Best score:  0.865500 ETA:   0h 2m34s
Progress:  48.5% Trials:   27 Best score:  0.865500 ETA:   0h 2m34s
Progress:  48.7% Trials:   27 Best score:  0.865500 ETA:   0h 2m33s
Progress:  48.9% Trials:   27 Best score:  0.865500 ETA:   0h 2m33s
Progress:  49.0% Trials:   27 Best score:  0.865500 ETA:   0h 2m32s
Progress:  49.2% Trials:   27 Best score:  0.865500 ETA:   0h 2m32s
Progress:  49.4% Trials:   27 Best score:  0.865500 ETA:   0h 2m31s
Progress:  49.5% Trials:   27 Best score:  0.865500 ETA:   0h 2m31s
Progress:  49.7% Trials:   27 Best score:  0.865500 ETA:   0h 2m30s
Progress:  49.9% Trials:   27 Best score:  0.865500 ETA:   0h 2m30s
Progress:  50.1% Trials:   27 Best score:  0.865500 ETA:   0h 2m29s
Progress:  50.2% Trials:   27 Best score:  0.865500 ETA:   0h 2m29s
Progress:  50.4% Trials:   27 Best score:  0.865500 ETA:   0h 2m28s
Progress:  50.6% Trials:   27 Best score:  0.865500 ETA:   0h 2m28s
Progress:  50.7% Trials:   27 Best score:  0.865500 ETA:   0h 2m27s
Progress:  50.9% Trials:   27 Best score:  0.865500 ETA:   0h 2m27s
Progress:  51.1% Trials:   27 Best score:  0.865500 ETA:   0h 2m26s
Progress:  51.2% Trials:   27 Best score:  0.865500 ETA:   0h 2m26s
Progress:  51.4% Trials:   27 Best score:  0.865500 ETA:   0h 2m25s
Progress:  51.6% Trials:   27 Best score:  0.865500 ETA:   0h 2m25s
Progress:  51.8% Trials:   27 Best score:  0.865500 ETA:   0h 2m24s
Progress:  51.9% Trials:   27 Best score:  0.865500 ETA:   0h 2m24s
Progress:  52.1% Trials:   27 Best score:  0.865500 ETA:   0h 2m23s
Progress:  52.3% Trials:   27 Best score:  0.865500 ETA:   0h 2m23s
Progress:  52.4% Trials:   27 Best score:  0.865500 ETA:   0h 2m22s
Progress:  52.6% Trials:   27 Best score:  0.865500 ETA:   0h 2m22s
Progress:  52.8% Trials:   27 Best score:  0.865500 ETA:   0h 2m21s
Progress:  52.9% Trials:   27 Best score:  0.865500 ETA:   0h 2m21s
Progress:  53.1% Trials:   27 Best score:  0.865500 ETA:   0h 2m20s
Progress:  53.3% Trials:   27 Best score:  0.865500 ETA:   0h 2m20s
Progress:  53.5% Trials:   27 Best score:  0.865500 ETA:   0h 2m19s
Progress:  53.6% Trials:   27 Best score:  0.865500 ETA:   0h 2m19s
Progress:  53.8% Trials:   27 Best score:  0.865500 ETA:   0h 2m18s
Progress:  54.0% Trials:   27 Best score:  0.865500 ETA:   0h 2m18s
Progress:  54.1% Trials:   27 Best score:  0.865500 ETA:   0h 2m17s
Progress:  54.3% Trials:   27 Best score:  0.865500 ETA:   0h 2m17s
Progress:  54.5% Trials:   27 Best score:  0.865500 ETA:   0h 2m16s
Progress:  54.6% Trials:   27 Best score:  0.865500 ETA:   0h 2m16s
Progress:  54.8% Trials:   27 Best score:  0.865500 ETA:   0h 2m15s
Progress:  55.0% Trials:   27 Best score:  0.865500 ETA:   0h 2m15s
Progress:  55.2% Trials:   27 Best score:  0.865500 ETA:   0h 2m14s
Progress:  55.3% Trials:   27 Best score:  0.865500 ETA:   0h 2m14s
Progress:  55.5% Trials:   27 Best score:  0.865500 ETA:   0h 2m13s
Progress:  55.7% Trials:   27 Best score:  0.865500 ETA:   0h 2m12s
Progress:  55.8% Trials:   27 Best score:  0.865500 ETA:   0h 2m12s
Progress:  56.0% Trials:   27 Best score:  0.865500 ETA:   0h 2m11s
Progress:  56.2% Trials:   27 Best score:  0.865500 ETA:   0h 2m11s
Progress:  56.4% Trials:   27 Best score:  0.865500 ETA:   0h 2m10s
Progress:  56.5% Trials:   27 Best score:  0.865500 ETA:   0h 2m10s
Progress:  56.7% Trials:   27 Best score:  0.865500 ETA:   0h 2m 9s
Progress:  56.9% Trials:   27 Best score:  0.865500 ETA:   0h 2m 9s
Progress:  57.0% Trials:   27 Best score:  0.865500 ETA:   0h 2m 8s
Progress:  57.2% Trials:   27 Best score:  0.865500 ETA:   0h 2m 8s
Progress:  57.4% Trials:   27 Best score:  0.865500 ETA:   0h 2m 7s
Progress:  57.6% Trials:   27 Best score:  0.865500 ETA:   0h 2m 7s
Progress:  57.7% Trials:   27 Best score:  0.865500 ETA:   0h 2m 6s
Progress:  57.9% Trials:   27 Best score:  0.865500 ETA:   0h 2m 6s
Progress:  58.1% Trials:   27 Best score:  0.865500 ETA:   0h 2m 5s
Progress:  58.2% Trials:   27 Best score:  0.865500 ETA:   0h 2m 5s
Progress:  58.4% Trials:   27 Best score:  0.865500 ETA:   0h 2m 4s
Progress:  58.6% Trials:   27 Best score:  0.865500 ETA:   0h 2m 4s
Progress:  58.7% Trials:   27 Best score:  0.865500 ETA:   0h 2m 3s
Progress:  58.9% Trials:   27 Best score:  0.865500 ETA:   0h 2m 3s
Progress:  59.1% Trials:   27 Best score:  0.865500 ETA:   0h 2m 2s
Progress:  59.3% Trials:   27 Best score:  0.865500 ETA:   0h 2m 2s
Progress:  59.4% Trials:   27 Best score:  0.865500 ETA:   0h 2m 1s
Progress:  59.6% Trials:   27 Best score:  0.865500 ETA:   0h 2m 1s
Progress:  59.8% Trials:   27 Best score:  0.865500 ETA:   0h 2m 0s
Progress:  59.9% Trials:   27 Best score:  0.865500 ETA:   0h 2m 0s
Progress:  60.1% Trials:   27 Best score:  0.865500 ETA:   0h 1m59s
Progress:  60.3% Trials:   27 Best score:  0.865500 ETA:   0h 1m59s
Progress:  60.5% Trials:   27 Best score:  0.865500 ETA:   0h 1m58s
Progress:  60.6% Trials:   27 Best score:  0.865500 ETA:   0h 1m58s
Progress:  60.8% Trials:   27 Best score:  0.865500 ETA:   0h 1m57s
Progress:  61.0% Trials:   27 Best score:  0.865500 ETA:   0h 1m57s
Progress:  61.1% Trials:   27 Best score:  0.865500 ETA:   0h 1m56s
Progress:  61.3% Trials:   27 Best score:  0.865500 ETA:   0h 1m56s
Progress:  61.5% Trials:   27 Best score:  0.865500 ETA:   0h 1m55s
Progress:  61.6% Trials:   27 Best score:  0.865500 ETA:   0h 1m55s
Progress:  61.8% Trials:   27 Best score:  0.865500 ETA:   0h 1m54s
Progress:  62.0% Trials:   27 Best score:  0.865500 ETA:   0h 1m54s
Progress:  62.2% Trials:   27 Best score:  0.865500 ETA:   0h 1m53s
Progress:  62.3% Trials:   27 Best score:  0.865500 ETA:   0h 1m53s
Progress:  62.5% Trials:   27 Best score:  0.865500 ETA:   0h 1m52s
Progress:  62.7% Trials:   27 Best score:  0.865500 ETA:   0h 1m52s
Progress:  62.8% Trials:   27 Best score:  0.865500 ETA:   0h 1m51s
Progress:  63.0% Trials:   27 Best score:  0.865500 ETA:   0h 1m50s
Progress:  63.2% Trials:   27 Best score:  0.865500 ETA:   0h 1m50s
Progress:  63.4% Trials:   27 Best score:  0.865500 ETA:   0h 1m49s
Progress:  63.5% Trials:   27 Best score:  0.865500 ETA:   0h 1m49s
Progress:  63.7% Trials:   27 Best score:  0.865500 ETA:   0h 1m48s
Progress:  63.9% Trials:   27 Best score:  0.865500 ETA:   0h 1m48s
Progress:  64.0% Trials:   27 Best score:  0.865500 ETA:   0h 1m47s
Progress:  64.2% Trials:   27 Best score:  0.865500 ETA:   0h 1m47s
Progress:  64.4% Trials:   27 Best score:  0.865500 ETA:   0h 1m46s
Progress:  64.5% Trials:   27 Best score:  0.865500 ETA:   0h 1m46s
Progress:  64.7% Trials:   27 Best score:  0.865500 ETA:   0h 1m45s
Progress:  64.9% Trials:   27 Best score:  0.865500 ETA:   0h 1m45s
Progress:  65.1% Trials:   27 Best score:  0.865500 ETA:   0h 1m44s
Progress:  65.2% Trials:   27 Best score:  0.865500 ETA:   0h 1m44s
Progress:  65.4% Trials:   27 Best score:  0.865500 ETA:   0h 1m43s
Progress:  65.6% Trials:   27 Best score:  0.865500 ETA:   0h 1m43s
Progress:  65.7% Trials:   27 Best score:  0.865500 ETA:   0h 1m42s
Progress:  65.9% Trials:   27 Best score:  0.865500 ETA:   0h 1m42s
Progress:  66.1% Trials:   27 Best score:  0.865500 ETA:   0h 1m41s
Progress:  66.2% Trials:   27 Best score:  0.865500 ETA:   0h 1m41s
Progress:  66.4% Trials:   27 Best score:  0.865500 ETA:   0h 1m40s
Progress:  66.6% Trials:   27 Best score:  0.865500 ETA:   0h 1m40s
Progress:  66.8% Trials:   27 Best score:  0.865500 ETA:   0h 1m39s
Progress:  66.9% Trials:   27 Best score:  0.865500 ETA:   0h 1m39s
Progress:  67.1% Trials:   27 Best score:  0.865500 ETA:   0h 1m38s
Progress:  67.3% Trials:   27 Best score:  0.865500 ETA:   0h 1m38s
Progress:  67.4% Trials:   27 Best score:  0.865500 ETA:   0h 1m37s
Progress:  67.6% Trials:   27 Best score:  0.865500 ETA:   0h 1m37s
Progress:  67.8% Trials:   27 Best score:  0.865500 ETA:   0h 1m36s
Progress:  68.0% Trials:   27 Best score:  0.865500 ETA:   0h 1m36s
Progress:  68.1% Trials:   27 Best score:  0.865500 ETA:   0h 1m35s
Progress:  68.3% Trials:   27 Best score:  0.865500 ETA:   0h 1m35s
Progress:  68.5% Trials:   27 Best score:  0.865500 ETA:   0h 1m34s
Progress:  68.6% Trials:   27 Best score:  0.865500 ETA:   0h 1m34s
Progress:  68.8% Trials:   27 Best score:  0.865500 ETA:   0h 1m33s
Progress:  69.0% Trials:   27 Best score:  0.865500 ETA:   0h 1m33s
Progress:  69.2% Trials:   27 Best score:  0.865500 ETA:   0h 1m32s
Progress:  69.3% Trials:   27 Best score:  0.865500 ETA:   0h 1m32s
Progress:  69.5% Trials:   27 Best score:  0.865500 ETA:   0h 1m31s
Progress:  69.7% Trials:   27 Best score:  0.865500 ETA:   0h 1m31s
Progress:  69.8% Trials:   27 Best score:  0.865500 ETA:   0h 1m30s
Progress:  70.0% Trials:   27 Best score:  0.865500 ETA:   0h 1m29s
Progress:  70.2% Trials:   27 Best score:  0.865500 ETA:   0h 1m29s
Progress:  70.3% Trials:   27 Best score:  0.865500 ETA:   0h 1m28s
Progress:  70.5% Trials:   27 Best score:  0.865500 ETA:   0h 1m28s
Progress:  70.7% Trials:   27 Best score:  0.865500 ETA:   0h 1m27s
Progress:  70.9% Trials:   27 Best score:  0.865500 ETA:   0h 1m27s
Progress:  71.0% Trials:   27 Best score:  0.865500 ETA:   0h 1m26s
Progress:  71.2% Trials:   28 Best score:  0.865500 ETA:   0h 1m26s
Progress:  71.4% Trials:   28 Best score:  0.865500 ETA:   0h 1m25s
Progress:  71.5% Trials:   29 Best score:  0.865500 ETA:   0h 1m25s
Progress:  71.7% Trials:   30 Best score:  0.865500 ETA:   0h 1m24s
Progress:  71.9% Trials:   30 Best score:  0.865500 ETA:   0h 1m24s
Progress:  72.0% Trials:   30 Best score:  0.865500 ETA:   0h 1m23s
Progress:  72.2% Trials:   30 Best score:  0.865500 ETA:   0h 1m23s
Progress:  72.4% Trials:   30 Best score:  0.865500 ETA:   0h 1m22s
Progress:  72.6% Trials:   30 Best score:  0.865500 ETA:   0h 1m22s
Progress:  72.7% Trials:   30 Best score:  0.865500 ETA:   0h 1m21s
Progress:  72.9% Trials:   30 Best score:  0.865500 ETA:   0h 1m21s
Progress:  73.1% Trials:   30 Best score:  0.865500 ETA:   0h 1m20s
Progress:  73.2% Trials:   30 Best score:  0.865500 ETA:   0h 1m20s
Progress:  73.4% Trials:   30 Best score:  0.865500 ETA:   0h 1m19s
Progress:  73.6% Trials:   30 Best score:  0.865500 ETA:   0h 1m19s
Progress:  73.8% Trials:   30 Best score:  0.865500 ETA:   0h 1m18s
Progress:  73.9% Trials:   31 Best score:  0.865500 ETA:   0h 1m18s
Progress:  74.1% Trials:   31 Best score:  0.865500 ETA:   0h 1m17s
Progress:  74.3% Trials:   31 Best score:  0.865500 ETA:   0h 1m17s
Progress:  74.4% Trials:   31 Best score:  0.865500 ETA:   0h 1m16s
Progress:  74.6% Trials:   31 Best score:  0.865500 ETA:   0h 1m16s
Progress:  74.8% Trials:   31 Best score:  0.865500 ETA:   0h 1m15s
Progress:  75.0% Trials:   31 Best score:  0.865500 ETA:   0h 1m15s
Progress:  75.1% Trials:   31 Best score:  0.865500 ETA:   0h 1m14s
Progress:  75.3% Trials:   31 Best score:  0.865500 ETA:   0h 1m14s
Progress:  75.5% Trials:   31 Best score:  0.865500 ETA:   0h 1m13s
Progress:  75.6% Trials:   31 Best score:  0.865500 ETA:   0h 1m13s
Progress:  75.8% Trials:   32 Best score:  0.865500 ETA:   0h 1m12s
Progress:  76.0% Trials:   32 Best score:  0.865500 ETA:   0h 1m12s
Progress:  76.1% Trials:   32 Best score:  0.865500 ETA:   0h 1m11s
Progress:  76.3% Trials:   32 Best score:  0.865500 ETA:   0h 1m11s
Progress:  76.5% Trials:   32 Best score:  0.865500 ETA:   0h 1m10s
Progress:  76.7% Trials:   32 Best score:  0.865500 ETA:   0h 1m10s
Progress:  76.8% Trials:   32 Best score:  0.865500 ETA:   0h 1m 9s
Progress:  77.0% Trials:   32 Best score:  0.865500 ETA:   0h 1m 8s
Progress:  77.2% Trials:   33 Best score:  0.865500 ETA:   0h 1m 8s
Progress:  77.3% Trials:   33 Best score:  0.865500 ETA:   0h 1m 7s
Progress:  77.5% Trials:   33 Best score:  0.865500 ETA:   0h 1m 7s
Progress:  77.7% Trials:   34 Best score:  0.865500 ETA:   0h 1m 6s
Progress:  77.9% Trials:   34 Best score:  0.865500 ETA:   0h 1m 6s
Progress:  78.0% Trials:   34 Best score:  0.865500 ETA:   0h 1m 5s
Progress:  78.2% Trials:   35 Best score:  0.865500 ETA:   0h 1m 5s
Progress:  78.4% Trials:   35 Best score:  0.865500 ETA:   0h 1m 4s
Progress:  78.5% Trials:   35 Best score:  0.865500 ETA:   0h 1m 4s
Progress:  78.7% Trials:   35 Best score:  0.865500 ETA:   0h 1m 3s
Progress:  78.9% Trials:   35 Best score:  0.865500 ETA:   0h 1m 3s
Progress:  79.0% Trials:   36 Best score:  0.865500 ETA:   0h 1m 2s
Progress:  79.2% Trials:   36 Best score:  0.865500 ETA:   0h 1m 2s
Progress:  79.4% Trials:   36 Best score:  0.865500 ETA:   0h 1m 1s
Progress:  79.6% Trials:   36 Best score:  0.865500 ETA:   0h 1m 1s
Progress:  79.7% Trials:   36 Best score:  0.865500 ETA:   0h 1m 0s
Progress:  79.9% Trials:   36 Best score:  0.865500 ETA:   0h 1m 0s
Progress:  80.1% Trials:   37 Best score:  0.865500 ETA:   0h 0m59s
Progress:  80.2% Trials:   37 Best score:  0.865500 ETA:   0h 0m59s
Progress:  80.4% Trials:   37 Best score:  0.865500 ETA:   0h 0m58s
Progress:  80.6% Trials:   37 Best score:  0.865500 ETA:   0h 0m58s
Progress:  80.8% Trials:   37 Best score:  0.865500 ETA:   0h 0m57s
Progress:  80.9% Trials:   37 Best score:  0.865500 ETA:   0h 0m57s
Progress:  81.1% Trials:   37 Best score:  0.865500 ETA:   0h 0m56s
Progress:  81.3% Trials:   37 Best score:  0.865500 ETA:   0h 0m56s
Progress:  81.4% Trials:   38 Best score:  0.865500 ETA:   0h 0m55s
Progress:  81.6% Trials:   38 Best score:  0.865500 ETA:   0h 0m55s
Progress:  81.8% Trials:   38 Best score:  0.865500 ETA:   0h 0m54s
Progress:  82.0% Trials:   38 Best score:  0.865500 ETA:   0h 0m54s
Progress:  82.1% Trials:   38 Best score:  0.865500 ETA:   0h 0m53s
Progress:  82.3% Trials:   38 Best score:  0.865500 ETA:   0h 0m53s
Progress:  82.5% Trials:   38 Best score:  0.865500 ETA:   0h 0m52s
Progress:  82.6% Trials:   39 Best score:  0.865500 ETA:   0h 0m52s
Progress:  82.8% Trials:   39 Best score:  0.865500 ETA:   0h 0m51s
Progress:  83.0% Trials:   39 Best score:  0.865500 ETA:   0h 0m51s
Progress:  83.1% Trials:   39 Best score:  0.865500 ETA:   0h 0m50s
Progress:  83.3% Trials:   39 Best score:  0.865500 ETA:   0h 0m50s
Progress:  83.5% Trials:   39 Best score:  0.865500 ETA:   0h 0m49s
Progress:  83.7% Trials:   39 Best score:  0.865500 ETA:   0h 0m49s
Progress:  83.8% Trials:   39 Best score:  0.865500 ETA:   0h 0m48s
Progress:  84.0% Trials:   40 Best score:  0.865500 ETA:   0h 0m48s
Progress:  84.2% Trials:   40 Best score:  0.865500 ETA:   0h 0m47s
Progress:  84.3% Trials:   40 Best score:  0.865500 ETA:   0h 0m46s
Progress:  84.5% Trials:   40 Best score:  0.865500 ETA:   0h 0m46s
Progress:  84.7% Trials:   41 Best score:  0.865500 ETA:   0h 0m45s
Progress:  84.8% Trials:   41 Best score:  0.865500 ETA:   0h 0m45s
Progress:  85.0% Trials:   41 Best score:  0.865500 ETA:   0h 0m44s
Progress:  85.2% Trials:   41 Best score:  0.865500 ETA:   0h 0m44s
Progress:  85.4% Trials:   41 Best score:  0.865500 ETA:   0h 0m43s
Progress:  85.5% Trials:   41 Best score:  0.865500 ETA:   0h 0m43s
Progress:  85.7% Trials:   41 Best score:  0.865500 ETA:   0h 0m42s
Progress:  85.9% Trials:   41 Best score:  0.865500 ETA:   0h 0m42s
Progress:  86.0% Trials:   41 Best score:  0.865500 ETA:   0h 0m41s
Progress:  86.2% Trials:   41 Best score:  0.865500 ETA:   0h 0m41s
Progress:  86.4% Trials:   41 Best score:  0.865500 ETA:   0h 0m40s
Progress:  86.6% Trials:   41 Best score:  0.865500 ETA:   0h 0m40s
Progress:  86.7% Trials:   41 Best score:  0.865500 ETA:   0h 0m39s
Progress:  86.9% Trials:   42 Best score:  0.865500 ETA:   0h 0m39s
Progress:  87.1% Trials:   42 Best score:  0.865500 ETA:   0h 0m38s
Progress:  87.2% Trials:   42 Best score:  0.865500 ETA:   0h 0m38s
Progress:  87.4% Trials:   42 Best score:  0.865500 ETA:   0h 0m37s
Progress:  87.6% Trials:   42 Best score:  0.865500 ETA:   0h 0m37s
Progress:  87.7% Trials:   42 Best score:  0.865500 ETA:   0h 0m36s
Progress:  87.9% Trials:   43 Best score:  0.865500 ETA:   0h 0m36s
Progress:  88.1% Trials:   43 Best score:  0.865500 ETA:   0h 0m35s
Progress:  88.3% Trials:   43 Best score:  0.865500 ETA:   0h 0m35s
Progress:  88.4% Trials:   43 Best score:  0.865500 ETA:   0h 0m34s
Progress:  88.6% Trials:   43 Best score:  0.865500 ETA:   0h 0m34s
Progress:  88.8% Trials:   43 Best score:  0.865500 ETA:   0h 0m33s
Progress:  88.9% Trials:   43 Best score:  0.865500 ETA:   0h 0m33s
Progress:  89.1% Trials:   43 Best score:  0.865500 ETA:   0h 0m32s
Progress:  89.3% Trials:   43 Best score:  0.865500 ETA:   0h 0m32s
Progress:  89.4% Trials:   43 Best score:  0.865500 ETA:   0h 0m31s
Progress:  89.6% Trials:   43 Best score:  0.865500 ETA:   0h 0m31s
Progress:  89.8% Trials:   43 Best score:  0.865500 ETA:   0h 0m30s
Progress:  90.0% Trials:   43 Best score:  0.865500 ETA:   0h 0m30s
Progress:  90.1% Trials:   43 Best score:  0.865500 ETA:   0h 0m29s
Progress:  90.3% Trials:   43 Best score:  0.865500 ETA:   0h 0m29s
Progress:  90.5% Trials:   44 Best score:  0.865800 ETA:   0h 0m28s
Progress:  90.6% Trials:   44 Best score:  0.865800 ETA:   0h 0m28s
Progress:  90.8% Trials:   44 Best score:  0.865800 ETA:   0h 0m27s
Progress:  91.0% Trials:   44 Best score:  0.865800 ETA:   0h 0m27s
Progress:  91.2% Trials:   44 Best score:  0.865800 ETA:   0h 0m26s
Progress:  91.3% Trials:   44 Best score:  0.865800 ETA:   0h 0m26s
Progress:  91.5% Trials:   44 Best score:  0.865800 ETA:   0h 0m25s
Progress:  91.7% Trials:   44 Best score:  0.865800 ETA:   0h 0m25s
Progress:  91.8% Trials:   44 Best score:  0.865800 ETA:   0h 0m24s
Progress:  92.0% Trials:   44 Best score:  0.865800 ETA:   0h 0m23s
Progress:  92.2% Trials:   44 Best score:  0.865800 ETA:   0h 0m23s
Progress:  92.3% Trials:   44 Best score:  0.865800 ETA:   0h 0m22s
Progress:  92.5% Trials:   44 Best score:  0.865800 ETA:   0h 0m22s
Progress:  92.7% Trials:   44 Best score:  0.865800 ETA:   0h 0m21s
Progress:  92.9% Trials:   44 Best score:  0.865800 ETA:   0h 0m21s
Progress:  93.0% Trials:   44 Best score:  0.865800 ETA:   0h 0m20s
Progress:  93.2% Trials:   44 Best score:  0.865800 ETA:   0h 0m20s
Progress:  93.4% Trials:   44 Best score:  0.865800 ETA:   0h 0m19s
Progress:  93.5% Trials:   44 Best score:  0.865800 ETA:   0h 0m19s
Progress:  93.7% Trials:   44 Best score:  0.865800 ETA:   0h 0m18s
Progress:  93.9% Trials:   44 Best score:  0.865800 ETA:   0h 0m18s
Progress:  94.1% Trials:   44 Best score:  0.865800 ETA:   0h 0m17s
Progress:  94.2% Trials:   44 Best score:  0.865800 ETA:   0h 0m17s
Progress:  94.4% Trials:   44 Best score:  0.865800 ETA:   0h 0m16s
Progress:  94.6% Trials:   44 Best score:  0.865800 ETA:   0h 0m16s
Progress:  94.7% Trials:   44 Best score:  0.865800 ETA:   0h 0m15s
Progress:  94.9% Trials:   44 Best score:  0.865800 ETA:   0h 0m15s
Progress:  95.1% Trials:   44 Best score:  0.865800 ETA:   0h 0m14s
Progress:  95.2% Trials:   44 Best score:  0.865800 ETA:   0h 0m14s
Progress:  95.4% Trials:   44 Best score:  0.865800 ETA:   0h 0m13s
Progress:  95.6% Trials:   44 Best score:  0.865800 ETA:   0h 0m13s
Progress:  95.8% Trials:   44 Best score:  0.865800 ETA:   0h 0m12s
Progress:  95.9% Trials:   44 Best score:  0.865800 ETA:   0h 0m12s
Progress:  96.1% Trials:   44 Best score:  0.865800 ETA:   0h 0m11s
Progress:  96.3% Trials:   44 Best score:  0.865800 ETA:   0h 0m11s
Progress:  96.4% Trials:   44 Best score:  0.865800 ETA:   0h 0m10s
Progress:  96.6% Trials:   44 Best score:  0.865800 ETA:   0h 0m10s
Progress:  96.8% Trials:   44 Best score:  0.865800 ETA:   0h 0m 9s
Progress:  97.0% Trials:   44 Best score:  0.865800 ETA:   0h 0m 9s
Progress:  97.1% Trials:   44 Best score:  0.865800 ETA:   0h 0m 8s
Progress:  97.3% Trials:   44 Best score:  0.865800 ETA:   0h 0m 8s
Progress:  97.5% Trials:   44 Best score:  0.865800 ETA:   0h 0m 7s
Progress:  97.6% Trials:   44 Best score:  0.865800 ETA:   0h 0m 7s
Progress:  97.8% Trials:   44 Best score:  0.865800 ETA:   0h 0m 6s
Progress:  98.0% Trials:   44 Best score:  0.865800 ETA:   0h 0m 6s
Progress:  98.2% Trials:   44 Best score:  0.865800 ETA:   0h 0m 5s
Progress:  98.3% Trials:   44 Best score:  0.865800 ETA:   0h 0m 5s
Progress:  98.5% Trials:   44 Best score:  0.865800 ETA:   0h 0m 4s
Progress:  98.7% Trials:   47 Best score:  0.865800 ETA:   0h 0m 4s
Progress:  98.8% Trials:   47 Best score:  0.865800 ETA:   0h 0m 3s
Progress:  99.0% Trials:   47 Best score:  0.865800 ETA:   0h 0m 3s
Progress:  99.2% Trials:   47 Best score:  0.865800 ETA:   0h 0m 2s
Progress:  99.3% Trials:   47 Best score:  0.865800 ETA:   0h 0m 1s
Progress:  99.5% Trials:   47 Best score:  0.865800 ETA:   0h 0m 1s
Progress:  99.7% Trials:   47 Best score:  0.865800 ETA:   0h 0m 0s
Progress:  99.9% Trials:   47 Best score:  0.865800 ETA:   0h 0m 0s
Progress: 100.0% Trials:   47 Best score:  0.865800 ETA:   0h 0m 0s
Training again with best arguments

Read 1M words
Read 1M words
Number of words:  562
Number of labels: 10

Progress: 100.0% words/sec/thread:  991756 lr:  0.000000 avg.loss:  0.338325 ETA:   0h 0m 0s
fasttext[char_auto] 训练耗时 309s
Test: 样本数=10000, P=0.8642, R=0.8642
单条预测耗时: 0.08 ms
模型: D:\workspace_AI\workspace_traecode\xiangmu_traecode\Supply Chain NLP\models\fasttext\fastText_char_auto.bin
[fasttext] 训练 jieba_default ...

Read 1M words
Read 1M words
Number of words:  1220
Number of labels: 10

Progress: 100.0% words/sec/thread: 3085717 lr:  0.000000 avg.loss:  0.351883 ETA:   0h 0m 0s
fasttext[jieba_default] 训练耗时 2s
Test: 样本数=10000, P=0.8658, R=0.8658
单条预测耗时: 0.01 ms
模型: D:\workspace_AI\workspace_traecode\xiangmu_traecode\Supply Chain NLP\models\fasttext\fastText_jieba_default.bin
[fasttext] 训练 jieba_auto ...

Progress:   0.2% Trials:    1 Best score:   unknown ETA:   0h 4m59s
Progress:   0.3% Trials:    1 Best score:   unknown ETA:   0h 4m58s
Progress:   0.5% Trials:    1 Best score:   unknown ETA:   0h 4m58s
Progress:   0.7% Trials:    2 Best score:  0.865900 ETA:   0h 4m57s
Progress:   0.9% Trials:    2 Best score:  0.865900 ETA:   0h 4m57s
Progress:   1.0% Trials:    2 Best score:  0.865900 ETA:   0h 4m56s
Progress:   1.2% Trials:    3 Best score:  0.865900 ETA:   0h 4m56s
Progress:   1.4% Trials:    3 Best score:  0.865900 ETA:   0h 4m55s
Progress:   1.5% Trials:    3 Best score:  0.865900 ETA:   0h 4m55s
Progress:   1.7% Trials:    3 Best score:  0.865900 ETA:   0h 4m54s
Progress:   1.9% Trials:    3 Best score:  0.865900 ETA:   0h 4m54s
Progress:   2.0% Trials:    3 Best score:  0.865900 ETA:   0h 4m53s
Progress:   2.2% Trials:    3 Best score:  0.865900 ETA:   0h 4m53s
Progress:   2.4% Trials:    3 Best score:  0.865900 ETA:   0h 4m52s
Progress:   2.6% Trials:    3 Best score:  0.865900 ETA:   0h 4m52s
Progress:   2.7% Trials:    3 Best score:  0.865900 ETA:   0h 4m51s
Progress:   2.9% Trials:    4 Best score:  0.865900 ETA:   0h 4m51s
Progress:   3.1% Trials:    5 Best score:  0.865900 ETA:   0h 4m50s
Progress:   3.2% Trials:    5 Best score:  0.865900 ETA:   0h 4m50s
Progress:   3.4% Trials:    5 Best score:  0.865900 ETA:   0h 4m49s
Progress:   3.6% Trials:    5 Best score:  0.865900 ETA:   0h 4m49s
Progress:   3.7% Trials:    5 Best score:  0.865900 ETA:   0h 4m48s
Progress:   3.9% Trials:    5 Best score:  0.865900 ETA:   0h 4m48s
Progress:   4.1% Trials:    5 Best score:  0.865900 ETA:   0h 4m47s
Progress:   4.3% Trials:    5 Best score:  0.865900 ETA:   0h 4m47s
Progress:   4.4% Trials:    5 Best score:  0.865900 ETA:   0h 4m46s
Progress:   4.6% Trials:    5 Best score:  0.865900 ETA:   0h 4m46s
Progress:   4.8% Trials:    5 Best score:  0.865900 ETA:   0h 4m45s
Progress:   4.9% Trials:    5 Best score:  0.865900 ETA:   0h 4m45s
Progress:   5.1% Trials:    5 Best score:  0.865900 ETA:   0h 4m44s
Progress:   5.3% Trials:    5 Best score:  0.865900 ETA:   0h 4m44s
Progress:   5.4% Trials:    5 Best score:  0.865900 ETA:   0h 4m43s
Progress:   5.6% Trials:    5 Best score:  0.865900 ETA:   0h 4m43s
Progress:   5.8% Trials:    5 Best score:  0.865900 ETA:   0h 4m42s
Progress:   6.0% Trials:    5 Best score:  0.865900 ETA:   0h 4m42s
Progress:   6.1% Trials:    5 Best score:  0.865900 ETA:   0h 4m41s
Progress:   6.3% Trials:    5 Best score:  0.865900 ETA:   0h 4m41s
Progress:   6.5% Trials:    5 Best score:  0.865900 ETA:   0h 4m40s
Progress:   6.6% Trials:    5 Best score:  0.865900 ETA:   0h 4m40s
Progress:   6.8% Trials:    5 Best score:  0.865900 ETA:   0h 4m39s
Progress:   7.0% Trials:    5 Best score:  0.865900 ETA:   0h 4m39s
Progress:   7.1% Trials:    5 Best score:  0.865900 ETA:   0h 4m38s
Progress:   7.3% Trials:    5 Best score:  0.865900 ETA:   0h 4m38s
Progress:   7.5% Trials:    5 Best score:  0.865900 ETA:   0h 4m37s
Progress:   7.6% Trials:    5 Best score:  0.865900 ETA:   0h 4m37s
Progress:   7.8% Trials:    5 Best score:  0.865900 ETA:   0h 4m36s
Progress:   8.0% Trials:    5 Best score:  0.865900 ETA:   0h 4m36s
Progress:   8.2% Trials:    5 Best score:  0.865900 ETA:   0h 4m35s
Progress:   8.3% Trials:    5 Best score:  0.865900 ETA:   0h 4m35s
Progress:   8.5% Trials:    5 Best score:  0.865900 ETA:   0h 4m34s
Progress:   8.7% Trials:    5 Best score:  0.865900 ETA:   0h 4m33s
Progress:   8.8% Trials:    5 Best score:  0.865900 ETA:   0h 4m33s
Progress:   9.0% Trials:    5 Best score:  0.865900 ETA:   0h 4m32s
Progress:   9.2% Trials:    5 Best score:  0.865900 ETA:   0h 4m32s
Progress:   9.4% Trials:    5 Best score:  0.865900 ETA:   0h 4m31s
Progress:   9.5% Trials:    5 Best score:  0.865900 ETA:   0h 4m31s
Progress:   9.7% Trials:    5 Best score:  0.865900 ETA:   0h 4m30s
Progress:   9.9% Trials:    5 Best score:  0.865900 ETA:   0h 4m30s
Progress:  10.0% Trials:    5 Best score:  0.865900 ETA:   0h 4m29s
Progress:  10.2% Trials:    5 Best score:  0.865900 ETA:   0h 4m29s
Progress:  10.4% Trials:    5 Best score:  0.865900 ETA:   0h 4m28s
Progress:  10.5% Trials:    5 Best score:  0.865900 ETA:   0h 4m28s
Progress:  10.7% Trials:    5 Best score:  0.865900 ETA:   0h 4m27s
Progress:  10.9% Trials:    5 Best score:  0.865900 ETA:   0h 4m27s
Progress:  11.1% Trials:    5 Best score:  0.865900 ETA:   0h 4m26s
Progress:  11.2% Trials:    5 Best score:  0.865900 ETA:   0h 4m26s
Progress:  11.4% Trials:    5 Best score:  0.865900 ETA:   0h 4m25s
Progress:  11.6% Trials:    5 Best score:  0.865900 ETA:   0h 4m25s
Progress:  11.7% Trials:    5 Best score:  0.865900 ETA:   0h 4m24s
Progress:  11.9% Trials:    5 Best score:  0.865900 ETA:   0h 4m24s
Progress:  12.1% Trials:    5 Best score:  0.865900 ETA:   0h 4m23s
Progress:  12.2% Trials:    5 Best score:  0.865900 ETA:   0h 4m23s
Progress:  12.4% Trials:    5 Best score:  0.865900 ETA:   0h 4m22s
Progress:  12.6% Trials:    5 Best score:  0.865900 ETA:   0h 4m22s
Progress:  12.8% Trials:    5 Best score:  0.865900 ETA:   0h 4m21s
Progress:  12.9% Trials:    5 Best score:  0.865900 ETA:   0h 4m21s
Progress:  13.1% Trials:    5 Best score:  0.865900 ETA:   0h 4m20s
Progress:  13.3% Trials:    5 Best score:  0.865900 ETA:   0h 4m20s
Progress:  13.4% Trials:    5 Best score:  0.865900 ETA:   0h 4m19s
Progress:  13.6% Trials:    5 Best score:  0.865900 ETA:   0h 4m19s
Progress:  13.8% Trials:    5 Best score:  0.865900 ETA:   0h 4m18s
Progress:  13.9% Trials:    5 Best score:  0.865900 ETA:   0h 4m18s
Progress:  14.1% Trials:    5 Best score:  0.865900 ETA:   0h 4m17s
Progress:  14.3% Trials:    5 Best score:  0.865900 ETA:   0h 4m17s
Progress:  14.5% Trials:    5 Best score:  0.865900 ETA:   0h 4m16s
Progress:  14.6% Trials:    5 Best score:  0.865900 ETA:   0h 4m16s
Progress:  14.8% Trials:    5 Best score:  0.865900 ETA:   0h 4m15s
Progress:  15.0% Trials:    6 Best score:  0.865900 ETA:   0h 4m15s
Progress:  15.1% Trials:    6 Best score:  0.865900 ETA:   0h 4m14s
Progress:  15.3% Trials:    6 Best score:  0.865900 ETA:   0h 4m14s
Progress:  15.5% Trials:    6 Best score:  0.865900 ETA:   0h 4m13s
Progress:  15.7% Trials:    6 Best score:  0.865900 ETA:   0h 4m13s
Progress:  15.8% Trials:    6 Best score:  0.865900 ETA:   0h 4m12s
Progress:  16.0% Trials:    6 Best score:  0.865900 ETA:   0h 4m11s
Progress:  16.2% Trials:    7 Best score:  0.865900 ETA:   0h 4m11s
Progress:  16.3% Trials:    7 Best score:  0.865900 ETA:   0h 4m10s
Progress:  16.5% Trials:    7 Best score:  0.865900 ETA:   0h 4m10s
Progress:  16.7% Trials:    7 Best score:  0.865900 ETA:   0h 4m 9s
Progress:  16.9% Trials:    7 Best score:  0.865900 ETA:   0h 4m 9s
Progress:  17.0% Trials:    7 Best score:  0.865900 ETA:   0h 4m 8s
Progress:  17.2% Trials:    8 Best score:  0.865900 ETA:   0h 4m 8s
Progress:  17.4% Trials:    9 Best score:  0.866000 ETA:   0h 4m 7s
Progress:  17.5% Trials:   10 Best score:  0.866000 ETA:   0h 4m 7s
Progress:  17.7% Trials:   10 Best score:  0.866000 ETA:   0h 4m 6s
Progress:  17.9% Trials:   10 Best score:  0.866000 ETA:   0h 4m 6s
Progress:  18.0% Trials:   10 Best score:  0.866000 ETA:   0h 4m 5s
Progress:  18.2% Trials:   11 Best score:  0.866000 ETA:   0h 4m 5s
Progress:  18.4% Trials:   11 Best score:  0.866000 ETA:   0h 4m 4s
Progress:  18.6% Trials:   12 Best score:  0.866000 ETA:   0h 4m 4s
Progress:  18.7% Trials:   12 Best score:  0.866000 ETA:   0h 4m 3s
Progress:  18.9% Trials:   12 Best score:  0.866000 ETA:   0h 4m 3s
Progress:  19.1% Trials:   12 Best score:  0.866000 ETA:   0h 4m 2s
Progress:  19.2% Trials:   14 Best score:  0.866000 ETA:   0h 4m 2s
Progress:  19.4% Trials:   15 Best score:  0.866000 ETA:   0h 4m 1s
Progress:  19.6% Trials:   15 Best score:  0.866000 ETA:   0h 4m 1s
Progress:  19.7% Trials:   15 Best score:  0.866000 ETA:   0h 4m 0s
Progress:  19.9% Trials:   15 Best score:  0.866000 ETA:   0h 4m 0s
Progress:  20.1% Trials:   17 Best score:  0.866000 ETA:   0h 3m59s
Progress:  20.3% Trials:   18 Best score:  0.866000 ETA:   0h 3m59s
Progress:  20.4% Trials:   19 Best score:  0.866000 ETA:   0h 3m58s
Progress:  20.6% Trials:   19 Best score:  0.866000 ETA:   0h 3m58s
Progress:  20.8% Trials:   20 Best score:  0.866000 ETA:   0h 3m57s
Progress:  20.9% Trials:   20 Best score:  0.866000 ETA:   0h 3m57s
Progress:  21.1% Trials:   20 Best score:  0.866000 ETA:   0h 3m56s
Progress:  21.3% Trials:   21 Best score:  0.866000 ETA:   0h 3m56s
Progress:  21.4% Trials:   21 Best score:  0.866000 ETA:   0h 3m55s
Progress:  21.6% Trials:   21 Best score:  0.866000 ETA:   0h 3m55s
Progress:  21.8% Trials:   22 Best score:  0.866000 ETA:   0h 3m54s
Progress:  22.0% Trials:   22 Best score:  0.866000 ETA:   0h 3m54s
Progress:  22.1% Trials:   22 Best score:  0.866000 ETA:   0h 3m53s
Progress:  22.3% Trials:   22 Best score:  0.866000 ETA:   0h 3m53s
Progress:  22.5% Trials:   22 Best score:  0.866000 ETA:   0h 3m52s
Progress:  22.6% Trials:   22 Best score:  0.866000 ETA:   0h 3m52s
Progress:  22.8% Trials:   22 Best score:  0.866000 ETA:   0h 3m51s
Progress:  23.0% Trials:   22 Best score:  0.866000 ETA:   0h 3m51s
Progress:  23.1% Trials:   22 Best score:  0.866000 ETA:   0h 3m50s
Progress:  23.3% Trials:   22 Best score:  0.866000 ETA:   0h 3m50s
Progress:  23.5% Trials:   22 Best score:  0.866000 ETA:   0h 3m49s
Progress:  23.7% Trials:   22 Best score:  0.866000 ETA:   0h 3m49s
Progress:  23.8% Trials:   22 Best score:  0.866000 ETA:   0h 3m48s
Progress:  24.0% Trials:   22 Best score:  0.866000 ETA:   0h 3m47s
Progress:  24.2% Trials:   22 Best score:  0.866000 ETA:   0h 3m47s
Progress:  24.3% Trials:   22 Best score:  0.866000 ETA:   0h 3m46s
Progress:  24.5% Trials:   22 Best score:  0.866000 ETA:   0h 3m46s
Progress:  24.7% Trials:   22 Best score:  0.866000 ETA:   0h 3m45s
Progress:  24.9% Trials:   22 Best score:  0.866000 ETA:   0h 3m45s
Progress:  25.0% Trials:   22 Best score:  0.866000 ETA:   0h 3m44s
Progress:  25.2% Trials:   22 Best score:  0.866000 ETA:   0h 3m44s
Progress:  25.4% Trials:   22 Best score:  0.866000 ETA:   0h 3m43s
Progress:  25.5% Trials:   22 Best score:  0.866000 ETA:   0h 3m43s
Progress:  25.7% Trials:   23 Best score:  0.866000 ETA:   0h 3m42s
Progress:  25.9% Trials:   23 Best score:  0.866000 ETA:   0h 3m42s
Progress:  26.0% Trials:   23 Best score:  0.866000 ETA:   0h 3m41s
Progress:  26.2% Trials:   24 Best score:  0.866000 ETA:   0h 3m41s
Progress:  26.4% Trials:   24 Best score:  0.866000 ETA:   0h 3m40s
Progress:  26.6% Trials:   24 Best score:  0.866000 ETA:   0h 3m40s
Progress:  26.7% Trials:   24 Best score:  0.866000 ETA:   0h 3m39s
Progress:  26.9% Trials:   25 Best score:  0.866200 ETA:   0h 3m39s
Progress:  27.1% Trials:   25 Best score:  0.866200 ETA:   0h 3m38s
Progress:  27.2% Trials:   25 Best score:  0.866200 ETA:   0h 3m38s
Progress:  27.4% Trials:   25 Best score:  0.866200 ETA:   0h 3m37s
Progress:  27.6% Trials:   25 Best score:  0.866200 ETA:   0h 3m37s
Progress:  27.8% Trials:   25 Best score:  0.866200 ETA:   0h 3m36s
Progress:  27.9% Trials:   25 Best score:  0.866200 ETA:   0h 3m36s
Progress:  28.1% Trials:   25 Best score:  0.866200 ETA:   0h 3m35s
Progress:  28.3% Trials:   25 Best score:  0.866200 ETA:   0h 3m35s
Progress:  28.4% Trials:   26 Best score:  0.866200 ETA:   0h 3m34s
Progress:  28.6% Trials:   26 Best score:  0.866200 ETA:   0h 3m34s
Progress:  28.8% Trials:   26 Best score:  0.866200 ETA:   0h 3m33s
Progress:  28.9% Trials:   27 Best score:  0.866200 ETA:   0h 3m33s
Progress:  29.1% Trials:   27 Best score:  0.866200 ETA:   0h 3m32s
Progress:  29.3% Trials:   27 Best score:  0.866200 ETA:   0h 3m32s
Progress:  29.5% Trials:   27 Best score:  0.866200 ETA:   0h 3m31s
Progress:  29.6% Trials:   27 Best score:  0.866200 ETA:   0h 3m31s
Progress:  29.8% Trials:   27 Best score:  0.866200 ETA:   0h 3m30s
Progress:  30.0% Trials:   27 Best score:  0.866200 ETA:   0h 3m30s
Progress:  30.1% Trials:   27 Best score:  0.866200 ETA:   0h 3m29s
Progress:  30.3% Trials:   27 Best score:  0.866200 ETA:   0h 3m29s
Progress:  30.5% Trials:   27 Best score:  0.866200 ETA:   0h 3m28s
Progress:  30.6% Trials:   27 Best score:  0.866200 ETA:   0h 3m28s
Progress:  30.8% Trials:   27 Best score:  0.866200 ETA:   0h 3m27s
Progress:  31.0% Trials:   27 Best score:  0.866200 ETA:   0h 3m27s
Progress:  31.2% Trials:   27 Best score:  0.866200 ETA:   0h 3m26s
Progress:  31.3% Trials:   27 Best score:  0.866200 ETA:   0h 3m26s
Progress:  31.5% Trials:   27 Best score:  0.866200 ETA:   0h 3m25s
Progress:  31.7% Trials:   27 Best score:  0.866200 ETA:   0h 3m24s
Progress:  31.8% Trials:   27 Best score:  0.866200 ETA:   0h 3m24s
Progress:  32.0% Trials:   27 Best score:  0.866200 ETA:   0h 3m23s
Progress:  32.2% Trials:   27 Best score:  0.866200 ETA:   0h 3m23s
Progress:  32.4% Trials:   27 Best score:  0.866200 ETA:   0h 3m22s
Progress:  32.5% Trials:   27 Best score:  0.866200 ETA:   0h 3m22s
Progress:  32.7% Trials:   27 Best score:  0.866200 ETA:   0h 3m21s
Progress:  32.9% Trials:   27 Best score:  0.866200 ETA:   0h 3m21s
Progress:  33.0% Trials:   27 Best score:  0.866200 ETA:   0h 3m20s
Progress:  33.2% Trials:   27 Best score:  0.866200 ETA:   0h 3m20s
Progress:  33.4% Trials:   27 Best score:  0.866200 ETA:   0h 3m19s
Progress:  33.5% Trials:   27 Best score:  0.866200 ETA:   0h 3m19s
Progress:  33.7% Trials:   27 Best score:  0.866200 ETA:   0h 3m18s
Progress:  33.9% Trials:   27 Best score:  0.866200 ETA:   0h 3m18s
Progress:  34.0% Trials:   27 Best score:  0.866200 ETA:   0h 3m17s
Progress:  34.2% Trials:   27 Best score:  0.866200 ETA:   0h 3m17s
Progress:  34.4% Trials:   27 Best score:  0.866200 ETA:   0h 3m16s
Progress:  34.6% Trials:   27 Best score:  0.866200 ETA:   0h 3m16s
Progress:  34.7% Trials:   27 Best score:  0.866200 ETA:   0h 3m15s
Progress:  34.9% Trials:   27 Best score:  0.866200 ETA:   0h 3m15s
Progress:  35.1% Trials:   27 Best score:  0.866200 ETA:   0h 3m14s
Progress:  35.2% Trials:   27 Best score:  0.866200 ETA:   0h 3m14s
Progress:  35.4% Trials:   27 Best score:  0.866200 ETA:   0h 3m13s
Progress:  35.6% Trials:   27 Best score:  0.866200 ETA:   0h 3m13s
Progress:  35.8% Trials:   27 Best score:  0.866200 ETA:   0h 3m12s
Progress:  35.9% Trials:   27 Best score:  0.866200 ETA:   0h 3m12s
Progress:  36.1% Trials:   27 Best score:  0.866200 ETA:   0h 3m11s
Progress:  36.3% Trials:   27 Best score:  0.866200 ETA:   0h 3m11s
Progress:  36.4% Trials:   27 Best score:  0.866200 ETA:   0h 3m10s
Progress:  36.6% Trials:   27 Best score:  0.866200 ETA:   0h 3m10s
Progress:  36.8% Trials:   27 Best score:  0.866200 ETA:   0h 3m 9s
Progress:  36.9% Trials:   27 Best score:  0.866200 ETA:   0h 3m 9s
Progress:  37.1% Trials:   27 Best score:  0.866200 ETA:   0h 3m 8s
Progress:  37.3% Trials:   27 Best score:  0.866200 ETA:   0h 3m 8s
Progress:  37.5% Trials:   27 Best score:  0.866200 ETA:   0h 3m 7s
Progress:  37.6% Trials:   27 Best score:  0.866200 ETA:   0h 3m 7s
Progress:  37.8% Trials:   27 Best score:  0.866200 ETA:   0h 3m 6s
Progress:  38.0% Trials:   27 Best score:  0.866200 ETA:   0h 3m 6s
Progress:  38.1% Trials:   27 Best score:  0.866200 ETA:   0h 3m 5s
Progress:  38.3% Trials:   27 Best score:  0.866200 ETA:   0h 3m 5s
Progress:  38.5% Trials:   27 Best score:  0.866200 ETA:   0h 3m 4s
Progress:  38.7% Trials:   27 Best score:  0.866200 ETA:   0h 3m 4s
Progress:  38.8% Trials:   27 Best score:  0.866200 ETA:   0h 3m 3s
Progress:  39.0% Trials:   27 Best score:  0.866200 ETA:   0h 3m 3s
Progress:  39.2% Trials:   27 Best score:  0.866200 ETA:   0h 3m 2s
Progress:  39.3% Trials:   27 Best score:  0.866200 ETA:   0h 3m 2s
Progress:  39.5% Trials:   27 Best score:  0.866200 ETA:   0h 3m 1s
Progress:  39.7% Trials:   27 Best score:  0.866200 ETA:   0h 3m 0s
Progress:  39.8% Trials:   27 Best score:  0.866200 ETA:   0h 3m 0s
Progress:  40.0% Trials:   27 Best score:  0.866200 ETA:   0h 2m59s
Progress:  40.2% Trials:   27 Best score:  0.866200 ETA:   0h 2m59s
Progress:  40.4% Trials:   27 Best score:  0.866200 ETA:   0h 2m58s
Progress:  40.5% Trials:   27 Best score:  0.866200 ETA:   0h 2m58s
Progress:  40.7% Trials:   27 Best score:  0.866200 ETA:   0h 2m57s
Progress:  40.9% Trials:   27 Best score:  0.866200 ETA:   0h 2m57s
Progress:  41.0% Trials:   27 Best score:  0.866200 ETA:   0h 2m56s
Progress:  41.2% Trials:   27 Best score:  0.866200 ETA:   0h 2m56s
Progress:  41.4% Trials:   27 Best score:  0.866200 ETA:   0h 2m55s
Progress:  41.6% Trials:   27 Best score:  0.866200 ETA:   0h 2m55s
Progress:  41.7% Trials:   27 Best score:  0.866200 ETA:   0h 2m54s
Progress:  41.9% Trials:   27 Best score:  0.866200 ETA:   0h 2m54s
Progress:  42.1% Trials:   27 Best score:  0.866200 ETA:   0h 2m53s
Progress:  42.2% Trials:   27 Best score:  0.866200 ETA:   0h 2m53s
Progress:  42.4% Trials:   27 Best score:  0.866200 ETA:   0h 2m52s
Progress:  42.6% Trials:   27 Best score:  0.866200 ETA:   0h 2m52s
Progress:  42.7% Trials:   27 Best score:  0.866200 ETA:   0h 2m51s
Progress:  42.9% Trials:   27 Best score:  0.866200 ETA:   0h 2m51s
Progress:  43.1% Trials:   27 Best score:  0.866200 ETA:   0h 2m50s
Progress:  43.3% Trials:   27 Best score:  0.866200 ETA:   0h 2m50s
Progress:  43.4% Trials:   27 Best score:  0.866200 ETA:   0h 2m49s
Progress:  43.6% Trials:   27 Best score:  0.866200 ETA:   0h 2m49s
Progress:  43.8% Trials:   27 Best score:  0.866200 ETA:   0h 2m48s
Progress:  43.9% Trials:   27 Best score:  0.866200 ETA:   0h 2m48s
Progress:  44.1% Trials:   27 Best score:  0.866200 ETA:   0h 2m47s
Progress:  44.3% Trials:   27 Best score:  0.866200 ETA:   0h 2m47s
Progress:  44.4% Trials:   27 Best score:  0.866200 ETA:   0h 2m46s
Progress:  44.6% Trials:   27 Best score:  0.866200 ETA:   0h 2m46s
Progress:  44.8% Trials:   27 Best score:  0.866200 ETA:   0h 2m45s
Progress:  45.0% Trials:   27 Best score:  0.866200 ETA:   0h 2m45s
Progress:  45.1% Trials:   27 Best score:  0.866200 ETA:   0h 2m44s
Progress:  45.3% Trials:   27 Best score:  0.866200 ETA:   0h 2m44s
Progress:  45.5% Trials:   27 Best score:  0.866200 ETA:   0h 2m43s
Progress:  45.6% Trials:   27 Best score:  0.866200 ETA:   0h 2m43s
Progress:  45.8% Trials:   27 Best score:  0.866200 ETA:   0h 2m42s
Progress:  46.0% Trials:   27 Best score:  0.866200 ETA:   0h 2m42s
Progress:  46.1% Trials:   27 Best score:  0.866200 ETA:   0h 2m41s
Progress:  46.3% Trials:   27 Best score:  0.866200 ETA:   0h 2m41s
Progress:  46.5% Trials:   27 Best score:  0.866200 ETA:   0h 2m40s
Progress:  46.7% Trials:   27 Best score:  0.866200 ETA:   0h 2m40s
Progress:  46.8% Trials:   27 Best score:  0.866200 ETA:   0h 2m39s
Progress:  47.0% Trials:   27 Best score:  0.866200 ETA:   0h 2m38s
Progress:  47.2% Trials:   27 Best score:  0.866200 ETA:   0h 2m38s
Progress:  47.3% Trials:   27 Best score:  0.866200 ETA:   0h 2m37s
Progress:  47.5% Trials:   27 Best score:  0.866200 ETA:   0h 2m37s
Progress:  47.7% Trials:   27 Best score:  0.866200 ETA:   0h 2m36s
Progress:  47.8% Trials:   27 Best score:  0.866200 ETA:   0h 2m36s
Progress:  48.0% Trials:   27 Best score:  0.866200 ETA:   0h 2m35s
Progress:  48.2% Trials:   27 Best score:  0.866200 ETA:   0h 2m35s
Progress:  48.4% Trials:   27 Best score:  0.866200 ETA:   0h 2m34s
Progress:  48.5% Trials:   27 Best score:  0.866200 ETA:   0h 2m34s
Progress:  48.7% Trials:   27 Best score:  0.866200 ETA:   0h 2m33s
Progress:  48.9% Trials:   27 Best score:  0.866200 ETA:   0h 2m33s
Progress:  49.0% Trials:   27 Best score:  0.866200 ETA:   0h 2m32s
Progress:  49.2% Trials:   27 Best score:  0.866200 ETA:   0h 2m32s
Progress:  49.4% Trials:   27 Best score:  0.866200 ETA:   0h 2m31s
Progress:  49.5% Trials:   27 Best score:  0.866200 ETA:   0h 2m31s
Progress:  49.7% Trials:   27 Best score:  0.866200 ETA:   0h 2m30s
Progress:  49.9% Trials:   27 Best score:  0.866200 ETA:   0h 2m30s
Progress:  50.1% Trials:   27 Best score:  0.866200 ETA:   0h 2m29s
Progress:  50.2% Trials:   27 Best score:  0.866200 ETA:   0h 2m29s
Progress:  50.4% Trials:   27 Best score:  0.866200 ETA:   0h 2m28s
Progress:  50.6% Trials:   27 Best score:  0.866200 ETA:   0h 2m28s
Progress:  50.7% Trials:   27 Best score:  0.866200 ETA:   0h 2m27s
Progress:  50.9% Trials:   27 Best score:  0.866200 ETA:   0h 2m27s
Progress:  51.1% Trials:   27 Best score:  0.866200 ETA:   0h 2m26s
Progress:  51.2% Trials:   27 Best score:  0.866200 ETA:   0h 2m26s
Progress:  51.4% Trials:   27 Best score:  0.866200 ETA:   0h 2m25s
Progress:  51.6% Trials:   27 Best score:  0.866200 ETA:   0h 2m25s
Progress:  51.8% Trials:   27 Best score:  0.866200 ETA:   0h 2m24s
Progress:  51.9% Trials:   27 Best score:  0.866200 ETA:   0h 2m24s
Progress:  52.1% Trials:   27 Best score:  0.866200 ETA:   0h 2m23s
Progress:  52.3% Trials:   27 Best score:  0.866200 ETA:   0h 2m23s
Progress:  52.4% Trials:   27 Best score:  0.866200 ETA:   0h 2m22s
Progress:  52.6% Trials:   27 Best score:  0.866200 ETA:   0h 2m22s
Progress:  52.8% Trials:   27 Best score:  0.866200 ETA:   0h 2m21s
Progress:  53.0% Trials:   27 Best score:  0.866200 ETA:   0h 2m21s
Progress:  53.1% Trials:   27 Best score:  0.866200 ETA:   0h 2m20s
Progress:  53.3% Trials:   27 Best score:  0.866200 ETA:   0h 2m20s
Progress:  53.5% Trials:   27 Best score:  0.866200 ETA:   0h 2m19s
Progress:  53.6% Trials:   27 Best score:  0.866200 ETA:   0h 2m19s
Progress:  53.8% Trials:   27 Best score:  0.866200 ETA:   0h 2m18s
Progress:  54.0% Trials:   27 Best score:  0.866200 ETA:   0h 2m18s
Progress:  54.1% Trials:   27 Best score:  0.866200 ETA:   0h 2m17s
Progress:  54.3% Trials:   27 Best score:  0.866200 ETA:   0h 2m17s
Progress:  54.5% Trials:   27 Best score:  0.866200 ETA:   0h 2m16s
Progress:  54.7% Trials:   27 Best score:  0.866200 ETA:   0h 2m16s
Progress:  54.8% Trials:   27 Best score:  0.866200 ETA:   0h 2m15s
Progress:  55.0% Trials:   27 Best score:  0.866200 ETA:   0h 2m15s
Progress:  55.2% Trials:   27 Best score:  0.866200 ETA:   0h 2m14s
Progress:  55.3% Trials:   27 Best score:  0.866200 ETA:   0h 2m13s
Progress:  55.5% Trials:   27 Best score:  0.866200 ETA:   0h 2m13s
Progress:  55.7% Trials:   27 Best score:  0.866200 ETA:   0h 2m12s
Progress:  55.8% Trials:   27 Best score:  0.866200 ETA:   0h 2m12s
Progress:  56.0% Trials:   27 Best score:  0.866200 ETA:   0h 2m11s
Progress:  56.2% Trials:   27 Best score:  0.866200 ETA:   0h 2m11s
Progress:  56.4% Trials:   27 Best score:  0.866200 ETA:   0h 2m10s
Progress:  56.5% Trials:   27 Best score:  0.866200 ETA:   0h 2m10s
Progress:  56.7% Trials:   27 Best score:  0.866200 ETA:   0h 2m 9s
Progress:  56.9% Trials:   27 Best score:  0.866200 ETA:   0h 2m 9s
Progress:  57.0% Trials:   27 Best score:  0.866200 ETA:   0h 2m 8s
Progress:  57.2% Trials:   27 Best score:  0.866200 ETA:   0h 2m 8s
Progress:  57.4% Trials:   27 Best score:  0.866200 ETA:   0h 2m 7s
Progress:  57.5% Trials:   27 Best score:  0.866200 ETA:   0h 2m 7s
Progress:  57.7% Trials:   27 Best score:  0.866200 ETA:   0h 2m 6s
Progress:  57.9% Trials:   27 Best score:  0.866200 ETA:   0h 2m 6s
Progress:  58.1% Trials:   27 Best score:  0.866200 ETA:   0h 2m 5s
Progress:  58.2% Trials:   27 Best score:  0.866200 ETA:   0h 2m 5s
Progress:  58.4% Trials:   27 Best score:  0.866200 ETA:   0h 2m 4s
Progress:  58.6% Trials:   27 Best score:  0.866200 ETA:   0h 2m 4s
Progress:  58.7% Trials:   27 Best score:  0.866200 ETA:   0h 2m 3s
Progress:  58.9% Trials:   27 Best score:  0.866200 ETA:   0h 2m 3s
Progress:  59.1% Trials:   27 Best score:  0.866200 ETA:   0h 2m 2s
Progress:  59.2% Trials:   27 Best score:  0.866200 ETA:   0h 2m 2s
Progress:  59.4% Trials:   27 Best score:  0.866200 ETA:   0h 2m 1s
Progress:  59.6% Trials:   27 Best score:  0.866200 ETA:   0h 2m 1s
Progress:  59.8% Trials:   27 Best score:  0.866200 ETA:   0h 2m 0s
Progress:  59.9% Trials:   27 Best score:  0.866200 ETA:   0h 2m 0s
Progress:  60.1% Trials:   27 Best score:  0.866200 ETA:   0h 1m59s
Progress:  60.3% Trials:   27 Best score:  0.866200 ETA:   0h 1m59s
Progress:  60.4% Trials:   27 Best score:  0.866200 ETA:   0h 1m58s
Progress:  60.6% Trials:   27 Best score:  0.866200 ETA:   0h 1m58s
Progress:  60.8% Trials:   27 Best score:  0.866200 ETA:   0h 1m57s
Progress:  61.0% Trials:   27 Best score:  0.866200 ETA:   0h 1m57s
Progress:  61.1% Trials:   27 Best score:  0.866200 ETA:   0h 1m56s
Progress:  61.3% Trials:   27 Best score:  0.866200 ETA:   0h 1m56s
Progress:  61.5% Trials:   27 Best score:  0.866200 ETA:   0h 1m55s
Progress:  61.6% Trials:   27 Best score:  0.866200 ETA:   0h 1m55s
Progress:  61.8% Trials:   27 Best score:  0.866200 ETA:   0h 1m54s
Progress:  62.0% Trials:   27 Best score:  0.866200 ETA:   0h 1m54s
Progress:  62.1% Trials:   27 Best score:  0.866200 ETA:   0h 1m53s
Progress:  62.3% Trials:   27 Best score:  0.866200 ETA:   0h 1m53s
Progress:  62.5% Trials:   27 Best score:  0.866200 ETA:   0h 1m52s
Progress:  62.7% Trials:   27 Best score:  0.866200 ETA:   0h 1m52s
Progress:  62.8% Trials:   27 Best score:  0.866200 ETA:   0h 1m51s
Progress:  63.0% Trials:   27 Best score:  0.866200 ETA:   0h 1m51s
Progress:  63.2% Trials:   27 Best score:  0.866200 ETA:   0h 1m50s
Progress:  63.3% Trials:   27 Best score:  0.866200 ETA:   0h 1m49s
Progress:  63.5% Trials:   27 Best score:  0.866200 ETA:   0h 1m49s
Progress:  63.7% Trials:   27 Best score:  0.866200 ETA:   0h 1m48s
Progress:  63.9% Trials:   27 Best score:  0.866200 ETA:   0h 1m48s
Progress:  64.0% Trials:   27 Best score:  0.866200 ETA:   0h 1m47s
Progress:  64.2% Trials:   27 Best score:  0.866200 ETA:   0h 1m47s
Progress:  64.4% Trials:   27 Best score:  0.866200 ETA:   0h 1m46s
Progress:  64.5% Trials:   27 Best score:  0.866200 ETA:   0h 1m46s
Progress:  64.7% Trials:   27 Best score:  0.866200 ETA:   0h 1m45s
Progress:  64.9% Trials:   27 Best score:  0.866200 ETA:   0h 1m45s
Progress:  65.1% Trials:   27 Best score:  0.866200 ETA:   0h 1m44s
Progress:  65.2% Trials:   27 Best score:  0.866200 ETA:   0h 1m44s
Progress:  65.4% Trials:   27 Best score:  0.866200 ETA:   0h 1m43s
Progress:  65.6% Trials:   27 Best score:  0.866200 ETA:   0h 1m43s
Progress:  65.7% Trials:   27 Best score:  0.866200 ETA:   0h 1m42s
Progress:  65.9% Trials:   27 Best score:  0.866200 ETA:   0h 1m42s
Progress:  66.1% Trials:   27 Best score:  0.866200 ETA:   0h 1m41s
Progress:  66.2% Trials:   27 Best score:  0.866200 ETA:   0h 1m41s
Progress:  66.4% Trials:   27 Best score:  0.866200 ETA:   0h 1m40s
Progress:  66.6% Trials:   27 Best score:  0.866200 ETA:   0h 1m40s
Progress:  66.8% Trials:   27 Best score:  0.866200 ETA:   0h 1m39s
Progress:  66.9% Trials:   27 Best score:  0.866200 ETA:   0h 1m39s
Progress:  67.1% Trials:   27 Best score:  0.866200 ETA:   0h 1m38s
Progress:  67.3% Trials:   27 Best score:  0.866200 ETA:   0h 1m38s
Progress:  67.4% Trials:   27 Best score:  0.866200 ETA:   0h 1m37s
Progress:  67.6% Trials:   27 Best score:  0.866200 ETA:   0h 1m37s
Progress:  67.8% Trials:   27 Best score:  0.866200 ETA:   0h 1m36s
Progress:  67.9% Trials:   27 Best score:  0.866200 ETA:   0h 1m36s
Progress:  68.1% Trials:   27 Best score:  0.866200 ETA:   0h 1m35s
Progress:  68.3% Trials:   27 Best score:  0.866200 ETA:   0h 1m35s
Progress:  68.5% Trials:   27 Best score:  0.866200 ETA:   0h 1m34s
Progress:  68.6% Trials:   27 Best score:  0.866200 ETA:   0h 1m34s
Progress:  68.8% Trials:   27 Best score:  0.866200 ETA:   0h 1m33s
Progress:  69.0% Trials:   27 Best score:  0.866200 ETA:   0h 1m33s
Progress:  69.1% Trials:   27 Best score:  0.866200 ETA:   0h 1m32s
Progress:  69.3% Trials:   27 Best score:  0.866200 ETA:   0h 1m32s
Progress:  69.5% Trials:   27 Best score:  0.866200 ETA:   0h 1m31s
Progress:  69.6% Trials:   27 Best score:  0.866200 ETA:   0h 1m31s
Progress:  69.8% Trials:   27 Best score:  0.866200 ETA:   0h 1m30s
Progress:  70.0% Trials:   27 Best score:  0.866200 ETA:   0h 1m30s
Progress:  70.2% Trials:   27 Best score:  0.866200 ETA:   0h 1m29s
Progress:  70.3% Trials:   27 Best score:  0.866200 ETA:   0h 1m29s
Progress:  70.5% Trials:   27 Best score:  0.866200 ETA:   0h 1m28s
Progress:  70.7% Trials:   27 Best score:  0.866200 ETA:   0h 1m27s
Progress:  70.8% Trials:   27 Best score:  0.866200 ETA:   0h 1m27s
Progress:  71.0% Trials:   27 Best score:  0.866200 ETA:   0h 1m26s
Progress:  71.2% Trials:   27 Best score:  0.866200 ETA:   0h 1m26s
Progress:  71.4% Trials:   27 Best score:  0.866200 ETA:   0h 1m25s
Progress:  71.5% Trials:   27 Best score:  0.866200 ETA:   0h 1m25s
Progress:  71.7% Trials:   27 Best score:  0.866200 ETA:   0h 1m24s
Progress:  71.9% Trials:   27 Best score:  0.866200 ETA:   0h 1m24s
Progress:  72.0% Trials:   27 Best score:  0.866200 ETA:   0h 1m23s
Progress:  72.2% Trials:   27 Best score:  0.866200 ETA:   0h 1m23s
Progress:  72.4% Trials:   27 Best score:  0.866200 ETA:   0h 1m22s
Progress:  72.5% Trials:   27 Best score:  0.866200 ETA:   0h 1m22s
Progress:  72.7% Trials:   27 Best score:  0.866200 ETA:   0h 1m21s
Progress:  72.9% Trials:   27 Best score:  0.866200 ETA:   0h 1m21s
Progress:  73.1% Trials:   27 Best score:  0.866200 ETA:   0h 1m20s
Progress:  73.2% Trials:   27 Best score:  0.866200 ETA:   0h 1m20s
Progress:  73.4% Trials:   27 Best score:  0.866200 ETA:   0h 1m19s
Progress:  73.6% Trials:   27 Best score:  0.866200 ETA:   0h 1m19s
Progress:  73.7% Trials:   27 Best score:  0.866200 ETA:   0h 1m18s
Progress:  73.9% Trials:   27 Best score:  0.866200 ETA:   0h 1m18s
Progress:  74.1% Trials:   27 Best score:  0.866200 ETA:   0h 1m17s
Progress:  74.2% Trials:   27 Best score:  0.866200 ETA:   0h 1m17s
Progress:  74.4% Trials:   27 Best score:  0.866200 ETA:   0h 1m16s
Progress:  74.6% Trials:   27 Best score:  0.866200 ETA:   0h 1m16s
Progress:  74.8% Trials:   27 Best score:  0.866200 ETA:   0h 1m15s
Progress:  74.9% Trials:   27 Best score:  0.866200 ETA:   0h 1m15s
Progress:  75.1% Trials:   27 Best score:  0.866200 ETA:   0h 1m14s
Progress:  75.3% Trials:   27 Best score:  0.866200 ETA:   0h 1m14s
Progress:  75.4% Trials:   27 Best score:  0.866200 ETA:   0h 1m13s
Progress:  75.6% Trials:   27 Best score:  0.866200 ETA:   0h 1m13s
Progress:  75.8% Trials:   27 Best score:  0.866200 ETA:   0h 1m12s
Progress:  76.0% Trials:   27 Best score:  0.866200 ETA:   0h 1m12s
Progress:  76.1% Trials:   27 Best score:  0.866200 ETA:   0h 1m11s
Progress:  76.3% Trials:   27 Best score:  0.866200 ETA:   0h 1m11s
Progress:  76.5% Trials:   27 Best score:  0.866200 ETA:   0h 1m10s
Progress:  76.6% Trials:   27 Best score:  0.866200 ETA:   0h 1m10s
Progress:  76.8% Trials:   27 Best score:  0.866200 ETA:   0h 1m 9s
Progress:  77.0% Trials:   27 Best score:  0.866200 ETA:   0h 1m 9s
Progress:  77.1% Trials:   27 Best score:  0.866200 ETA:   0h 1m 8s
Progress:  77.3% Trials:   27 Best score:  0.866200 ETA:   0h 1m 8s
Progress:  77.5% Trials:   27 Best score:  0.866200 ETA:   0h 1m 7s
Progress:  77.7% Trials:   27 Best score:  0.866200 ETA:   0h 1m 7s
Progress:  77.8% Trials:   27 Best score:  0.866200 ETA:   0h 1m 6s
Progress:  78.0% Trials:   27 Best score:  0.866200 ETA:   0h 1m 6s
Progress:  78.2% Trials:   27 Best score:  0.866200 ETA:   0h 1m 5s
Progress:  78.3% Trials:   27 Best score:  0.866200 ETA:   0h 1m 4s
Progress:  78.5% Trials:   27 Best score:  0.866200 ETA:   0h 1m 4s
Progress:  78.7% Trials:   27 Best score:  0.866200 ETA:   0h 1m 3s
Progress:  78.8% Trials:   27 Best score:  0.866200 ETA:   0h 1m 3s
Progress:  79.0% Trials:   27 Best score:  0.866200 ETA:   0h 1m 2s
Progress:  79.2% Trials:   27 Best score:  0.866200 ETA:   0h 1m 2s
Progress:  79.4% Trials:   27 Best score:  0.866200 ETA:   0h 1m 1s
Progress:  79.5% Trials:   27 Best score:  0.866200 ETA:   0h 1m 1s
Progress:  79.7% Trials:   27 Best score:  0.866200 ETA:   0h 1m 0s
Progress:  79.9% Trials:   27 Best score:  0.866200 ETA:   0h 1m 0s
Progress:  80.0% Trials:   27 Best score:  0.866200 ETA:   0h 0m59s
Progress:  80.2% Trials:   27 Best score:  0.866200 ETA:   0h 0m59s
Progress:  80.4% Trials:   27 Best score:  0.866200 ETA:   0h 0m58s
Progress:  80.6% Trials:   27 Best score:  0.866200 ETA:   0h 0m58s
Progress:  80.7% Trials:   27 Best score:  0.866200 ETA:   0h 0m57s
Progress:  80.9% Trials:   27 Best score:  0.866200 ETA:   0h 0m57s
Progress:  81.1% Trials:   27 Best score:  0.866200 ETA:   0h 0m56s
Progress:  81.2% Trials:   27 Best score:  0.866200 ETA:   0h 0m56s
Progress:  81.4% Trials:   27 Best score:  0.866200 ETA:   0h 0m55s
Progress:  81.6% Trials:   27 Best score:  0.866200 ETA:   0h 0m55s
Progress:  81.7% Trials:   27 Best score:  0.866200 ETA:   0h 0m54s
Progress:  81.9% Trials:   27 Best score:  0.866200 ETA:   0h 0m54s
Progress:  82.1% Trials:   27 Best score:  0.866200 ETA:   0h 0m53s
Progress:  82.3% Trials:   27 Best score:  0.866200 ETA:   0h 0m53s
Progress:  82.4% Trials:   27 Best score:  0.866200 ETA:   0h 0m52s
Progress:  82.6% Trials:   27 Best score:  0.866200 ETA:   0h 0m52s
Progress:  82.8% Trials:   27 Best score:  0.866200 ETA:   0h 0m51s
Progress:  82.9% Trials:   27 Best score:  0.866200 ETA:   0h 0m51s
Progress:  83.1% Trials:   27 Best score:  0.866200 ETA:   0h 0m50s
Progress:  83.3% Trials:   27 Best score:  0.866200 ETA:   0h 0m50s
Progress:  83.5% Trials:   27 Best score:  0.866200 ETA:   0h 0m49s
Progress:  83.6% Trials:   27 Best score:  0.866200 ETA:   0h 0m49s
Progress:  83.8% Trials:   27 Best score:  0.866200 ETA:   0h 0m48s
Progress:  84.0% Trials:   27 Best score:  0.866200 ETA:   0h 0m48s
Progress:  84.1% Trials:   27 Best score:  0.866200 ETA:   0h 0m47s
Progress:  84.3% Trials:   27 Best score:  0.866200 ETA:   0h 0m47s
Progress:  84.5% Trials:   27 Best score:  0.866200 ETA:   0h 0m46s
Progress:  84.6% Trials:   27 Best score:  0.866200 ETA:   0h 0m46s
Progress:  84.8% Trials:   27 Best score:  0.866200 ETA:   0h 0m45s
Progress:  85.0% Trials:   27 Best score:  0.866200 ETA:   0h 0m45s
Progress:  85.2% Trials:   27 Best score:  0.866200 ETA:   0h 0m44s
Progress:  85.3% Trials:   27 Best score:  0.866200 ETA:   0h 0m44s
Progress:  85.5% Trials:   27 Best score:  0.866200 ETA:   0h 0m43s
Progress:  85.7% Trials:   27 Best score:  0.866200 ETA:   0h 0m42s
Progress:  85.8% Trials:   27 Best score:  0.866200 ETA:   0h 0m42s
Progress:  86.0% Trials:   27 Best score:  0.866200 ETA:   0h 0m41s
Progress:  86.2% Trials:   27 Best score:  0.866200 ETA:   0h 0m41s
Progress:  86.4% Trials:   27 Best score:  0.866200 ETA:   0h 0m40s
Progress:  86.5% Trials:   27 Best score:  0.866200 ETA:   0h 0m40s
Progress:  86.7% Trials:   27 Best score:  0.866200 ETA:   0h 0m39s
Progress:  86.9% Trials:   27 Best score:  0.866200 ETA:   0h 0m39s
Progress:  87.0% Trials:   27 Best score:  0.866200 ETA:   0h 0m38s
Progress:  87.2% Trials:   27 Best score:  0.866200 ETA:   0h 0m38s
Progress:  87.4% Trials:   27 Best score:  0.866200 ETA:   0h 0m37s
Progress:  87.5% Trials:   27 Best score:  0.866200 ETA:   0h 0m37s
Progress:  87.7% Trials:   27 Best score:  0.866200 ETA:   0h 0m36s
Progress:  87.9% Trials:   27 Best score:  0.866200 ETA:   0h 0m36s
Progress:  88.1% Trials:   27 Best score:  0.866200 ETA:   0h 0m35s
Progress:  88.2% Trials:   27 Best score:  0.866200 ETA:   0h 0m35s
Progress:  88.4% Trials:   27 Best score:  0.866200 ETA:   0h 0m34s
Progress:  88.6% Trials:   27 Best score:  0.866200 ETA:   0h 0m34s
Progress:  88.7% Trials:   27 Best score:  0.866200 ETA:   0h 0m33s
Progress:  88.9% Trials:   27 Best score:  0.866200 ETA:   0h 0m33s
Progress:  89.1% Trials:   27 Best score:  0.866200 ETA:   0h 0m32s
Progress:  89.3% Trials:   27 Best score:  0.866200 ETA:   0h 0m32s
Progress:  89.4% Trials:   27 Best score:  0.866200 ETA:   0h 0m31s
Progress:  89.6% Trials:   27 Best score:  0.866200 ETA:   0h 0m31s
Progress:  89.8% Trials:   27 Best score:  0.866200 ETA:   0h 0m30s
Progress:  89.9% Trials:   27 Best score:  0.866200 ETA:   0h 0m30s
Progress:  90.1% Trials:   27 Best score:  0.866200 ETA:   0h 0m29s
Progress:  90.3% Trials:   27 Best score:  0.866200 ETA:   0h 0m29s
Progress:  90.4% Trials:   27 Best score:  0.866200 ETA:   0h 0m28s
Progress:  90.6% Trials:   27 Best score:  0.866200 ETA:   0h 0m28s
Progress:  90.8% Trials:   27 Best score:  0.866200 ETA:   0h 0m27s
Progress:  91.0% Trials:   27 Best score:  0.866200 ETA:   0h 0m27s
Progress:  91.1% Trials:   27 Best score:  0.866200 ETA:   0h 0m26s
Progress:  91.3% Trials:   27 Best score:  0.866200 ETA:   0h 0m26s
Progress:  91.5% Trials:   27 Best score:  0.866200 ETA:   0h 0m25s
Progress:  91.6% Trials:   27 Best score:  0.866200 ETA:   0h 0m25s
Progress:  91.8% Trials:   27 Best score:  0.866200 ETA:   0h 0m24s
Progress:  92.0% Trials:   27 Best score:  0.866200 ETA:   0h 0m24s
Progress:  92.2% Trials:   27 Best score:  0.866200 ETA:   0h 0m23s
Progress:  92.3% Trials:   27 Best score:  0.866200 ETA:   0h 0m23s
Progress:  92.5% Trials:   27 Best score:  0.866200 ETA:   0h 0m22s
Progress:  92.7% Trials:   27 Best score:  0.866200 ETA:   0h 0m21s
Progress:  92.8% Trials:   27 Best score:  0.866200 ETA:   0h 0m21s
Progress:  93.0% Trials:   27 Best score:  0.866200 ETA:   0h 0m20s
Progress:  93.2% Trials:   27 Best score:  0.866200 ETA:   0h 0m20s
Progress:  93.4% Trials:   27 Best score:  0.866200 ETA:   0h 0m19s
Progress:  93.5% Trials:   27 Best score:  0.866200 ETA:   0h 0m19s
Progress:  93.7% Trials:   27 Best score:  0.866200 ETA:   0h 0m18s
Progress:  93.9% Trials:   27 Best score:  0.866200 ETA:   0h 0m18s
Progress:  94.0% Trials:   27 Best score:  0.866200 ETA:   0h 0m17s
Progress:  94.2% Trials:   27 Best score:  0.866200 ETA:   0h 0m17s
Progress:  94.4% Trials:   27 Best score:  0.866200 ETA:   0h 0m16s
Progress:  94.6% Trials:   27 Best score:  0.866200 ETA:   0h 0m16s
Progress:  94.7% Trials:   27 Best score:  0.866200 ETA:   0h 0m15s
Progress:  94.9% Trials:   27 Best score:  0.866200 ETA:   0h 0m15s
Progress:  95.1% Trials:   27 Best score:  0.866200 ETA:   0h 0m14s
Progress:  95.2% Trials:   27 Best score:  0.866200 ETA:   0h 0m14s
Progress:  95.4% Trials:   27 Best score:  0.866200 ETA:   0h 0m13s
Progress:  95.6% Trials:   27 Best score:  0.866200 ETA:   0h 0m13s
Progress:  95.7% Trials:   27 Best score:  0.866200 ETA:   0h 0m12s
Progress:  95.9% Trials:   27 Best score:  0.866200 ETA:   0h 0m12s
Progress:  96.1% Trials:   27 Best score:  0.866200 ETA:   0h 0m11s
Progress:  96.3% Trials:   27 Best score:  0.866200 ETA:   0h 0m11s
Progress:  96.4% Trials:   27 Best score:  0.866200 ETA:   0h 0m10s
Progress:  96.6% Trials:   27 Best score:  0.866200 ETA:   0h 0m10s
Progress:  96.8% Trials:   27 Best score:  0.866200 ETA:   0h 0m 9s
Progress:  96.9% Trials:   27 Best score:  0.866200 ETA:   0h 0m 9s
Progress:  97.1% Trials:   27 Best score:  0.866200 ETA:   0h 0m 8s
Progress:  97.3% Trials:   27 Best score:  0.866200 ETA:   0h 0m 8s
Progress:  97.4% Trials:   27 Best score:  0.866200 ETA:   0h 0m 7s
Progress:  97.6% Trials:   27 Best score:  0.866200 ETA:   0h 0m 7s
Progress:  97.8% Trials:   27 Best score:  0.866200 ETA:   0h 0m 6s
Progress:  97.9% Trials:   27 Best score:  0.866200 ETA:   0h 0m 6s
Progress:  98.1% Trials:   27 Best score:  0.866200 ETA:   0h 0m 5s
Progress:  98.3% Trials:   27 Best score:  0.866200 ETA:   0h 0m 5s
Progress:  98.5% Trials:   27 Best score:  0.866200 ETA:   0h 0m 4s
Progress:  98.6% Trials:   27 Best score:  0.866200 ETA:   0h 0m 4s
Progress:  98.8% Trials:   27 Best score:  0.866200 ETA:   0h 0m 3s
Progress:  99.0% Trials:   27 Best score:  0.866200 ETA:   0h 0m 3s
Progress:  99.1% Trials:   27 Best score:  0.866200 ETA:   0h 0m 2s
Progress:  99.3% Trials:   27 Best score:  0.866200 ETA:   0h 0m 2s
Progress:  99.5% Trials:   27 Best score:  0.866200 ETA:   0h 0m 1s
Progress:  99.7% Trials:   27 Best score:  0.866200 ETA:   0h 0m 1s
Progress:  99.8% Trials:   27 Best score:  0.866200 ETA:   0h 0m 0s
Progress: 100.0% Trials:   27 Best score:  0.866200 ETA:   0h 0m 0s
Progress: 100.0% Trials:   27 Best score:  0.866200 ETA:   0h 0m 0s
Training again with best arguments

Read 1M words
Read 1M words
Number of words:  1220
Number of labels: 10

Progress: 100.0% words/sec/thread: 2080363 lr:  0.000000 avg.loss:  0.445527 ETA:   0h 0m 0s
fasttext[jieba_auto] 训练耗时 303s
Test: 样本数=10000, P=0.8645, R=0.8645
单条预测耗时: 0.00 ms
模型: D:\workspace_AI\workspace_traecode\xiangmu_traecode\Supply Chain NLP\models\fasttext\fastText_jieba_auto.bin
已保存 -> D:\workspace_AI\workspace_traecode\xiangmu_traecode\Supply Chain NLP\experiments\fasttext.md
